Archive member included to satisfy reference by file (symbol)

c:/rt-threadstudio/repo/extract/toolchain_support_packages/arm/gnu_tools_for_arm_embedded_processors/5.4.1/bin/../lib/gcc/arm-none-eabi/5.4.1/../../../../arm-none-eabi/lib/armv7e-m/fpu/fpv5-d16\libc.a(lib_a-assert.o)
                              ./libraries/drivers/drv_gpio.o (__assert_func)
c:/rt-threadstudio/repo/extract/toolchain_support_packages/arm/gnu_tools_for_arm_embedded_processors/5.4.1/bin/../lib/gcc/arm-none-eabi/5.4.1/../../../../arm-none-eabi/lib/armv7e-m/fpu/fpv5-d16\libc.a(lib_a-atoi.o)
                              ./rt-thread/components/drivers/misc/pin.o (atoi)
c:/rt-threadstudio/repo/extract/toolchain_support_packages/arm/gnu_tools_for_arm_embedded_processors/5.4.1/bin/../lib/gcc/arm-none-eabi/5.4.1/../../../../arm-none-eabi/lib/armv7e-m/fpu/fpv5-d16\libc.a(lib_a-fiprintf.o)
                              c:/rt-threadstudio/repo/extract/toolchain_support_packages/arm/gnu_tools_for_arm_embedded_processors/5.4.1/bin/../lib/gcc/arm-none-eabi/5.4.1/../../../../arm-none-eabi/lib/armv7e-m/fpu/fpv5-d16\libc.a(lib_a-assert.o) (fiprintf)
c:/rt-threadstudio/repo/extract/toolchain_support_packages/arm/gnu_tools_for_arm_embedded_processors/5.4.1/bin/../lib/gcc/arm-none-eabi/5.4.1/../../../../arm-none-eabi/lib/armv7e-m/fpu/fpv5-d16\libc.a(lib_a-impure.o)
                              c:/rt-threadstudio/repo/extract/toolchain_support_packages/arm/gnu_tools_for_arm_embedded_processors/5.4.1/bin/../lib/gcc/arm-none-eabi/5.4.1/../../../../arm-none-eabi/lib/armv7e-m/fpu/fpv5-d16\libc.a(lib_a-assert.o) (_impure_ptr)
c:/rt-threadstudio/repo/extract/toolchain_support_packages/arm/gnu_tools_for_arm_embedded_processors/5.4.1/bin/../lib/gcc/arm-none-eabi/5.4.1/../../../../arm-none-eabi/lib/armv7e-m/fpu/fpv5-d16\libc.a(lib_a-locale.o)
                              ./rt-thread/components/libc/compilers/common/cstring.o (__locale_ctype_ptr)
c:/rt-threadstudio/repo/extract/toolchain_support_packages/arm/gnu_tools_for_arm_embedded_processors/5.4.1/bin/../lib/gcc/arm-none-eabi/5.4.1/../../../../arm-none-eabi/lib/armv7e-m/fpu/fpv5-d16\libc.a(lib_a-malloc.o)
                              ./rt-thread/components/libc/compilers/common/cstring.o (malloc)
c:/rt-threadstudio/repo/extract/toolchain_support_packages/arm/gnu_tools_for_arm_embedded_processors/5.4.1/bin/../lib/gcc/arm-none-eabi/5.4.1/../../../../arm-none-eabi/lib/armv7e-m/fpu/fpv5-d16\libc.a(lib_a-mbtowc_r.o)
                              c:/rt-threadstudio/repo/extract/toolchain_support_packages/arm/gnu_tools_for_arm_embedded_processors/5.4.1/bin/../lib/gcc/arm-none-eabi/5.4.1/../../../../arm-none-eabi/lib/armv7e-m/fpu/fpv5-d16\libc.a(lib_a-locale.o) (__ascii_mbtowc)
c:/rt-threadstudio/repo/extract/toolchain_support_packages/arm/gnu_tools_for_arm_embedded_processors/5.4.1/bin/../lib/gcc/arm-none-eabi/5.4.1/../../../../arm-none-eabi/lib/armv7e-m/fpu/fpv5-d16\libc.a(lib_a-memcmp.o)
                              ./rt-thread/components/finsh/shell.o (memcmp)
c:/rt-threadstudio/repo/extract/toolchain_support_packages/arm/gnu_tools_for_arm_embedded_processors/5.4.1/bin/../lib/gcc/arm-none-eabi/5.4.1/../../../../arm-none-eabi/lib/armv7e-m/fpu/fpv5-d16\libc.a(lib_a-memset.o)
                              ./libraries/MIMXRT1060/MIMXRT1060/drivers/fsl_lpi2c.o (memset)
c:/rt-threadstudio/repo/extract/toolchain_support_packages/arm/gnu_tools_for_arm_embedded_processors/5.4.1/bin/../lib/gcc/arm-none-eabi/5.4.1/../../../../arm-none-eabi/lib/armv7e-m/fpu/fpv5-d16\libc.a(lib_a-strchr.o)
                              ./rt-thread/components/libc/compilers/common/cstring.o (strchr)
c:/rt-threadstudio/repo/extract/toolchain_support_packages/arm/gnu_tools_for_arm_embedded_processors/5.4.1/bin/../lib/gcc/arm-none-eabi/5.4.1/../../../../arm-none-eabi/lib/armv7e-m/fpu/fpv5-d16\libc.a(lib_a-strcmp.o)
                              ./rt-thread/components/finsh/cmd.o (strcmp)
c:/rt-threadstudio/repo/extract/toolchain_support_packages/arm/gnu_tools_for_arm_embedded_processors/5.4.1/bin/../lib/gcc/arm-none-eabi/5.4.1/../../../../arm-none-eabi/lib/armv7e-m/fpu/fpv5-d16\libc.a(lib_a-strcpy.o)
                              ./rt-thread/components/libc/compilers/common/cstring.o (strcpy)
c:/rt-threadstudio/repo/extract/toolchain_support_packages/arm/gnu_tools_for_arm_embedded_processors/5.4.1/bin/../lib/gcc/arm-none-eabi/5.4.1/../../../../arm-none-eabi/lib/armv7e-m/fpu/fpv5-d16\libc.a(lib_a-strlen.o)
                              ./rt-thread/components/libc/compilers/common/cstring.o (strlen)
c:/rt-threadstudio/repo/extract/toolchain_support_packages/arm/gnu_tools_for_arm_embedded_processors/5.4.1/bin/../lib/gcc/arm-none-eabi/5.4.1/../../../../arm-none-eabi/lib/armv7e-m/fpu/fpv5-d16\libc.a(lib_a-strncat.o)
                              ./rt-thread/components/drivers/misc/pin.o (strncat)
[...]
Memory Configuration

Name             Origin             Length             Attributes
m_boot_data      0x60000000         0x00001000         xr
m_image_vertor_table 0x60001000         0x00001000         xr
m_interrupts     0x60002000         0x00000400         xr
m_text           0x60002400         0x003fdc00         xr
m_itcm           0x00000000         0x00020000         rw
m_dtcm           0x20000000         0x00020000         rw
m_ocram          0x20200000         0x00040000         rw
m_sdram          0x80000000         0x01e00000         rw
m_nocache        0x81e00000         0x00200000         rw
*default*        0x00000000         0xffffffff

Linker script and memory map

LOAD c:/rt-threadstudio/repo/extract/toolchain_support_packages/arm/gnu_tools_for_arm_embedded_processors/5.4.1/bin/../lib/gcc/arm-none-eabi/5.4.1/../../../../arm-none-eabi/lib/armv7e-m/fpu/fpv5-d16\libm.a
LOAD c:/rt-threadstudio/repo/extract/toolchain_support_packages/arm/gnu_tools_for_arm_embedded_processors/5.4.1/bin/../lib/gcc/arm-none-eabi/5.4.1/armv7e-m/fpu/fpv5-d16\libgcc.a
LOAD c:/rt-threadstudio/repo/extract/toolchain_support_packages/arm/gnu_tools_for_arm_embedded_processors/5.4.1/bin/../lib/gcc/arm-none-eabi/5.4.1/../../../../arm-none-eabi/lib/armv7e-m/fpu/fpv5-d16\libc.a
LOAD ./xip/evkbmimxrt1060_flexspi_nor_config.o
LOAD ./xip/fsl_flexspi_nor_boot.o
LOAD ./rt-thread/src/clock.o
LOAD ./rt-thread/src/components.o
LOAD ./rt-thread/src/device.o
LOAD ./rt-thread/src/idle.o
LOAD ./rt-thread/src/ipc.o
LOAD ./rt-thread/src/irq.o
LOAD ./rt-thread/src/kservice.o
LOAD ./rt-thread/src/memheap.o
LOAD ./rt-thread/src/mempool.o
LOAD ./rt-thread/src/object.o
LOAD ./rt-thread/src/scheduler.o
LOAD ./rt-thread/src/thread.o
LOAD ./rt-thread/src/timer.o
LOAD ./rt-thread/libcpu/arm/cortex-m7/context_gcc.o
LOAD ./rt-thread/libcpu/arm/cortex-m7/cpu_cache.o
LOAD ./rt-thread/libcpu/arm/cortex-m7/cpuport.o
LOAD ./rt-thread/libcpu/arm/common/backtrace.o
LOAD ./rt-thread/libcpu/arm/common/div0.o
LOAD ./rt-thread/libcpu/arm/common/showmem.o
LOAD ./rt-thread/components/libc/compilers/newlib/syscalls.o
LOAD ./rt-thread/components/libc/compilers/common/cctype.o
LOAD ./rt-thread/components/libc/compilers/common/cstdio.o
LOAD ./rt-thread/components/libc/compilers/common/cstdlib.o
LOAD ./rt-thread/components/libc/compilers/common/cstring.o
LOAD ./rt-thread/components/libc/compilers/common/ctime.o
LOAD ./rt-thread/components/libc/compilers/common/cwchar.o
LOAD ./rt-thread/components/finsh/cmd.o
LOAD ./rt-thread/components/finsh/msh.o
LOAD ./rt-thread/components/finsh/msh_parse.o
LOAD ./rt-thread/components/finsh/shell.o
LOAD ./rt-thread/components/drivers/serial/serial.o
LOAD ./rt-thread/components/drivers/misc/pin.o
LOAD ./rt-thread/components/drivers/ipc/completion.o
LOAD ./rt-thread/components/drivers/ipc/dataqueue.o
LOAD ./rt-thread/components/drivers/ipc/pipe.o
LOAD ./rt-thread/components/drivers/ipc/ringblk_buf.o
LOAD ./rt-thread/components/drivers/ipc/ringbuffer.o
LOAD ./rt-thread/components/drivers/ipc/waitqueue.o
LOAD ./rt-thread/components/drivers/ipc/workqueue.o
LOAD ./rt-thread/components/drivers/i2c/i2c-bit-ops.o
LOAD ./rt-thread/components/drivers/i2c/i2c_core.o
LOAD ./rt-thread/components/drivers/i2c/i2c_dev.o
LOAD ./rt-thread/components/drivers/cputime/cputime.o
LOAD ./libraries/drivers/drv_common.o
LOAD ./libraries/drivers/drv_gpio.o
LOAD ./libraries/drivers/drv_i2c.o
LOAD ./libraries/drivers/drv_uart.o
LOAD ./libraries/MIMXRT1060/MIMXRT1060/gcc/startup_MIMXRT1062.o
LOAD ./libraries/MIMXRT1060/MIMXRT1060/drivers/fsl_cache.o
LOAD ./libraries/MIMXRT1060/MIMXRT1060/drivers/fsl_clock.o
LOAD ./libraries/MIMXRT1060/MIMXRT1060/drivers/fsl_common.o
LOAD ./libraries/MIMXRT1060/MIMXRT1060/drivers/fsl_common_arm.o
LOAD ./libraries/MIMXRT1060/MIMXRT1060/drivers/fsl_gpio.o
LOAD ./libraries/MIMXRT1060/MIMXRT1060/drivers/fsl_lpi2c.o
LOAD ./libraries/MIMXRT1060/MIMXRT1060/drivers/fsl_lpuart.o
LOAD ./libraries/MIMXRT1060/MIMXRT1060/drivers/fsl_pxp.o
LOAD ./libraries/MIMXRT1060/MIMXRT1060/drivers/fsl_xbara.o
LOAD ./libraries/MIMXRT1060/MIMXRT1060/drivers/fsl_xbarb.o
LOAD ./libraries/MIMXRT1060/MIMXRT1060/system_MIMXRT1062.o
LOAD ./board/MCUX_Config/clock_config.o
LOAD ./board/MCUX_Config/dcd.o
LOAD ./board/MCUX_Config/pin_mux.o
LOAD ./board/board.o
LOAD ./applications/main.o
LOAD c:/rt-threadstudio/repo/extract/toolchain_support_packages/arm/gnu_tools_for_arm_embedded_processors/5.4.1/bin/../lib/gcc/arm-none-eabi/5.4.1/../../../../arm-none-eabi/lib/armv7e-m/fpu/fpv5-d16\libc.a
LOAD c:/rt-threadstudio/repo/extract/toolchain_support_packages/arm/gnu_tools_for_arm_embedded_processors/5.4.1/bin/../lib/gcc/arm-none-eabi/5.4.1/../../../../arm-none-eabi/lib/armv7e-m/fpu/fpv5-d16\libm.a
START GROUP
LOAD c:/rt-threadstudio/repo/extract/toolchain_support_packages/arm/gnu_tools_for_arm_embedded_processors/5.4.1/bin/../lib/gcc/arm-none-eabi/5.4.1/armv7e-m/fpu/fpv5-d16\libgcc.a
LOAD c:/rt-threadstudio/repo/extract/toolchain_support_packages/arm/gnu_tools_for_arm_embedded_processors/5.4.1/bin/../lib/gcc/arm-none-eabi/5.4.1/../../../../arm-none-eabi/lib/armv7e-m/fpu/fpv5-d16\libc.a
END GROUP
                0x00000400                HEAP_SIZE = DEFINED (__heap_size__)?__heap_size__:0x400
                0x00000400                STACK_SIZE = DEFINED (__stack_size__)?__stack_size__:0x400

.boot_data      0x60000000      0x200
                0x60000000                . = ALIGN (0x4)
                0x60000000                __FLASH_BASE = .
 *(.boot_hdr.conf)
 .boot_hdr.conf
                0x60000000      0x200 ./xip/evkbmimxrt1060_flexspi_nor_config.o
                0x60000000                qspiflash_config
                0x60000200                . = ALIGN (0x4)
                0x60001000                ivt_begin = (ORIGIN (m_boot_data) + LENGTH (m_boot_data))

.image_vertor_table
                0x60001000      0x440
                0x60001000                . = ALIGN (0x4)
 *(.boot_hdr.ivt)
 .boot_hdr.ivt  0x60001000       0x20 ./xip/fsl_flexspi_nor_boot.o
                0x60001000                image_vector_table
 *(.boot_hdr.boot_data)
 .boot_hdr.boot_data
                0x60001020       0x10 ./xip/fsl_flexspi_nor_boot.o
                0x60001020                g_boot_data
 *(.boot_hdr.dcd_data)
 .boot_hdr.dcd_data
                0x60001030      0x410 ./board/MCUX_Config/dcd.o
                0x60001030                dcd_data
                0x60001440                . = ALIGN (0x4)

.interrupts     0x60002000      0x400
                0x60002000                __VECTOR_TABLE = .
                0x60002000                . = ALIGN (0x4)
 *(.isr_vector)
 .isr_vector    0x60002000      0x400 ./libraries/MIMXRT1060/MIMXRT1060/gcc/startup_MIMXRT1062.o
                0x60002000                __isr_vector
                0x60002400                . = ALIGN (0x4)
                0x60002000                __VECTOR_RAM = __VECTOR_TABLE
                0x00000000                __RAM_VECTOR_TABLE_SIZE_BYTES = 0x0

.text           0x60002400    0x11b6c
                0x60002400                . = ALIGN (0x4)
 *(.text)
 .text          0x60002400      0x144 ./rt-thread/libcpu/arm/cortex-m7/context_gcc.o
                0x60002400                rt_hw_interrupt_disable
                0x60002408                rt_hw_interrupt_enable
                0x6000240e                rt_hw_context_switch_interrupt
                0x6000240e                rt_hw_context_switch
                0x6000242e                PendSV_Handler
                0x6000249a                rt_hw_context_switch_to
                0x600024e8                rt_hw_interrupt_thread_switch
                0x600024ec                HardFault_Handler
 .text          0x60002544      0x258 ./libraries/MIMXRT1060/MIMXRT1060/gcc/startup_MIMXRT1062.o
                0x60002544                Reset_Handler
                0x600025d0                DMA9_DMA25_DriverIRQHandler
                0x600025d0                FLEXSPI2_DriverIRQHandler
                0x600025d0                LPSPI2_DriverIRQHandler
                0x600025d0                SJC_IRQHandler
                0x600025d0                ADC_ETC_IRQ0_IRQHandler
                0x600025d0                DebugMon_Handler
                0x600025d0                SAI3_RX_DriverIRQHandler
                0x600025d0                PXP_IRQHandler
                0x600025d0                DMA13_DMA29_DriverIRQHandler
                0x600025d0                Reserved86_IRQHandler
                0x600025d0                SRC_IRQHandler
                0x600025d0                LPSPI4_DriverIRQHandler
                0x600025d0                GPIO1_INT3_IRQHandler
                0x600025d0                SPDIF_DriverIRQHandler
                0x600025d0                GPIO1_INT2_IRQHandler
                0x600025d0                CSI_IRQHandler
                0x600025d0                ENET2_DriverIRQHandler
                0x600025d0                SNVS_LP_WRAPPER_IRQHandler
                0x600025d0                ENC2_IRQHandler
                0x600025d0                PWM2_2_IRQHandler
                0x600025d0                DMA4_DMA20_DriverIRQHandler
                0x600025d0                PWM4_FAULT_IRQHandler
                0x600025d0                DMA3_DMA19_DriverIRQHandler
                0x600025d0                GPIO1_INT7_IRQHandler
                0x600025d0                CCM_1_IRQHandler
                0x600025d0                PWM1_3_IRQHandler
                0x600025d0                CAN3_DriverIRQHandler
                0x600025d0                ADC_ETC_IRQ1_IRQHandler
                0x600025d0                Reserved171_IRQHandler
                0x600025d0                CTI1_ERROR_IRQHandler
                0x600025d0                PWM3_FAULT_IRQHandler
                0x600025d0                LCDIF_IRQHandler
                0x600025d0                DMA7_DMA23_DriverIRQHandler
                0x600025d0                CTI0_ERROR_IRQHandler
                0x600025d0                PWM1_0_IRQHandler
                0x600025d0                Reserved68_IRQHandler
                0x600025d0                TRNG_IRQHandler
                0x600025d0                USB_PHY2_IRQHandler
                0x600025d0                ENET2_1588_Timer_DriverIRQHandler
                0x600025d0                TSC_DIG_IRQHandler
                0x600025d0                TMR1_IRQHandler
                0x600025d0                CAN1_DriverIRQHandler
                0x600025d0                PWM4_0_IRQHandler
                0x600025d0                PWM2_0_IRQHandler
                0x600025d0                DCP_VMI_IRQHandler
                0x600025d0                DMA_ERROR_DriverIRQHandler
                0x600025d0                DMA14_DMA30_DriverIRQHandler
                0x600025d0                ENC4_IRQHandler
                0x600025d0                ENET_1588_Timer_DriverIRQHandler
                0x600025d0                LPSPI3_DriverIRQHandler
                0x600025d0                PWM2_1_IRQHandler
                0x600025d0                DMA15_DMA31_DriverIRQHandler
                0x600025d0                PWM2_FAULT_IRQHandler
                0x600025d0                FLEXIO2_DriverIRQHandler
                0x600025d0                Reserved87_IRQHandler
                0x600025d0                UsageFault_Handler
                0x600025d0                WDOG1_IRQHandler
                0x600025d0                BusFault_Handler
                0x600025d0                PMU_EVENT_IRQHandler
                0x600025d0                GPT1_IRQHandler
                0x600025d0                ACMP1_IRQHandler
                0x600025d0                PWM4_1_IRQHandler
                0x600025d0                USB_OTG2_IRQHandler
                0x600025d0                ACMP4_IRQHandler
                0x600025d0                SEMC_IRQHandler
                0x600025d0                DMA0_DMA16_DriverIRQHandler
                0x600025d0                DefaultISR
                0x600025d0                PWM1_1_IRQHandler
                0x600025d0                DMA5_DMA21_DriverIRQHandler
                0x600025d0                DMA2_DMA18_DriverIRQHandler
                0x600025d0                PWM3_0_IRQHandler
                0x600025d0                USDHC1_DriverIRQHandler
                0x600025d0                PWM3_3_IRQHandler
                0x600025d0                GPIO1_INT0_IRQHandler
                0x600025d0                FLEXRAM_IRQHandler
                0x600025d0                CSU_IRQHandler
                0x600025d0                GPT2_IRQHandler
                0x600025d0                ADC1_IRQHandler
                0x600025d0                FLEXIO1_DriverIRQHandler
                0x600025d0                ENET_DriverIRQHandler
                0x600025d0                ACMP2_IRQHandler
                0x600025d0                FLEXIO3_DriverIRQHandler
                0x600025d0                RTWDOG_IRQHandler
                0x600025d0                USB_PHY1_IRQHandler
                0x600025d0                Reserved78_IRQHandler
                0x600025d0                SAI1_DriverIRQHandler
                0x600025d0                DMA12_DMA28_DriverIRQHandler
                0x600025d0                ENC3_IRQHandler
                0x600025d0                EWM_IRQHandler
                0x600025d0                TEMP_LOW_HIGH_IRQHandler
                0x600025d0                WDOG2_IRQHandler
                0x600025d0                GPIO1_INT5_IRQHandler
                0x600025d0                FLEXSPI_DriverIRQHandler
                0x600025d0                SAI3_TX_DriverIRQHandler
                0x600025d0                PWM3_1_IRQHandler
                0x600025d0                PWM2_3_IRQHandler
                0x600025d0                DCP_IRQHandler
                0x600025d0                CORE_IRQHandler
                0x600025d0                SNVS_HP_WRAPPER_TZ_IRQHandler
                0x600025d0                XBAR1_IRQ_0_1_IRQHandler
                0x600025d0                DMA10_DMA26_DriverIRQHandler
                0x600025d0                TEMP_PANIC_IRQHandler
                0x600025d0                GPIO1_INT6_IRQHandler
                0x600025d0                PWM1_2_IRQHandler
                0x600025d0                Reserved144_IRQHandler
                0x600025d0                GPR_IRQ_IRQHandler
                0x600025d0                GPC_IRQHandler
                0x600025d0                DCDC_IRQHandler
                0x600025d0                PWM4_3_IRQHandler
                0x600025d0                TMR3_IRQHandler
                0x600025d0                DMA1_DMA17_DriverIRQHandler
                0x600025d0                USB_OTG1_IRQHandler
                0x600025d0                CAN2_DriverIRQHandler
                0x600025d0                GPIO6_7_8_9_IRQHandler
                0x600025d0                TMR2_IRQHandler
                0x600025d0                ADC_ETC_ERROR_IRQ_IRQHandler
                0x600025d0                DMA8_DMA24_DriverIRQHandler
                0x600025d0                PWM4_2_IRQHandler
                0x600025d0                DMA6_DMA22_DriverIRQHandler
                0x600025d0                BEE_IRQHandler
                0x600025d0                GPIO1_INT1_IRQHandler
                0x600025d0                Reserved143_IRQHandler
                0x600025d0                ADC_ETC_IRQ2_IRQHandler
                0x600025d0                GPIO1_INT4_IRQHandler
                0x600025d0                CCM_2_IRQHandler
                0x600025d0                KPP_IRQHandler
                0x600025d0                PWM1_FAULT_IRQHandler
                0x600025d0                ADC2_IRQHandler
                0x600025d0                USDHC2_DriverIRQHandler
                0x600025d0                MemManage_Handler
                0x600025d0                SAI2_DriverIRQHandler
                0x600025d0                ENC1_IRQHandler
                0x600025d0                PIT_IRQHandler
                0x600025d0                Reserved115_IRQHandler
                0x600025d0                SNVS_HP_WRAPPER_IRQHandler
                0x600025d0                TMR4_IRQHandler
                0x600025d0                DMA11_DMA27_DriverIRQHandler
                0x600025d0                ACMP3_IRQHandler
                0x600025d0                XBAR1_IRQ_2_3_IRQHandler
                0x600025d0                PWM3_2_IRQHandler
                0x600025d0                LPSPI1_DriverIRQHandler
                0x600025d4                NMI_Handler
                0x600025dc                SVC_Handler
                0x600025e8                DMA0_DMA16_IRQHandler
                0x600025ec                DMA1_DMA17_IRQHandler
                0x600025f0                DMA2_DMA18_IRQHandler
                0x600025f4                DMA3_DMA19_IRQHandler
                0x600025f8                DMA4_DMA20_IRQHandler
                0x600025fc                DMA5_DMA21_IRQHandler
                0x60002600                DMA6_DMA22_IRQHandler
                0x60002604                DMA7_DMA23_IRQHandler
                0x60002608                DMA8_DMA24_IRQHandler
                0x6000260c                DMA9_DMA25_IRQHandler
                0x60002610                DMA10_DMA26_IRQHandler
                0x60002614                DMA11_DMA27_IRQHandler
                0x60002618                DMA12_DMA28_IRQHandler
                0x6000261c                DMA13_DMA29_IRQHandler
                0x60002620                DMA14_DMA30_IRQHandler
                0x60002624                DMA15_DMA31_IRQHandler
                0x60002628                DMA_ERROR_IRQHandler
                0x60002630                LPUART2_IRQHandler
                0x60002634                LPUART3_IRQHandler
                0x60002638                LPUART4_IRQHandler
                0x6000263c                LPUART5_IRQHandler
                0x60002640                LPUART6_IRQHandler
                0x60002644                LPUART7_IRQHandler
                0x60002648                LPUART8_IRQHandler
                0x6000264c                LPI2C1_IRQHandler
                0x60002650                LPI2C2_IRQHandler
                0x60002654                LPI2C3_IRQHandler
                0x60002658                LPI2C4_IRQHandler
                0x6000265c                LPSPI1_IRQHandler
                0x60002660                LPSPI2_IRQHandler
                0x60002664                LPSPI3_IRQHandler
                0x60002668                LPSPI4_IRQHandler
                0x6000266c                CAN1_IRQHandler
                0x60002670                CAN2_IRQHandler
                0x60002674                SAI1_IRQHandler
                0x60002678                SAI2_IRQHandler
                0x6000267c                SAI3_RX_IRQHandler
                0x60002680                SAI3_TX_IRQHandler
                0x60002684                SPDIF_IRQHandler
                0x60002688                FLEXIO1_IRQHandler
                0x6000268c                FLEXIO2_IRQHandler
                0x60002690                FLEXSPI2_IRQHandler
                0x60002694                FLEXSPI_IRQHandler
                0x60002698                USDHC1_IRQHandler
                0x6000269c                USDHC2_IRQHandler
                0x600026a0                ENET_IRQHandler
                0x600026a4                ENET_1588_Timer_IRQHandler
                0x600026a8                ENET2_IRQHandler
                0x600026ac                ENET2_1588_Timer_IRQHandler
                0x600026b0                CAN3_IRQHandler
                0x600026b4                FLEXIO3_IRQHandler
 *fill*         0x6000279c        0x4 
 .text          0x600027a0      0x2dc c:/rt-threadstudio/repo/extract/toolchain_support_packages/arm/gnu_tools_for_arm_embedded_processors/5.4.1/bin/../lib/gcc/arm-none-eabi/5.4.1/../../../../arm-none-eabi/lib/armv7e-m/fpu/fpv5-d16\libc.a(lib_a-strcmp.o)
                0x600027a8                strcmp
 *fill*         0x60002a7c        0x4 
 .text          0x60002a80       0xdc c:/rt-threadstudio/repo/extract/toolchain_support_packages/arm/gnu_tools_for_arm_embedded_processors/5.4.1/bin/../lib/gcc/arm-none-eabi/5.4.1/../../../../arm-none-eabi/lib/armv7e-m/fpu/fpv5-d16\libc.a(lib_a-strlen.o)
                0x60002a80                strlen
 *fill*         0x60002b5c        0x4 
 .text          0x60002b60       0xa0 c:/rt-threadstudio/repo/extract/toolchain_support_packages/arm/gnu_tools_for_arm_embedded_processors/5.4.1/bin/../lib/gcc/arm-none-eabi/5.4.1/../../../../arm-none-eabi/lib/armv7e-m/fpu/fpv5-d16\libc.a(lib_a-memchr.o)
                0x60002b60                memchr
 .text          0x60002c00      0x134 c:/rt-threadstudio/repo/extract/toolchain_support_packages/arm/gnu_tools_for_arm_embedded_processors/5.4.1/bin/../lib/gcc/arm-none-eabi/5.4.1/../../../../arm-none-eabi/lib/armv7e-m/fpu/fpv5-d16\libc.a(lib_a-memcpy.o)
                0x60002c00                memcpy
 .text          0x60002d34       0x30 c:/rt-threadstudio/repo/extract/toolchain_support_packages/arm/gnu_tools_for_arm_embedded_processors/5.4.1/bin/../lib/gcc/arm-none-eabi/5.4.1/armv7e-m/fpu/fpv5-d16\libgcc.a(_aeabi_uldivmod.o)
                0x60002d34                __aeabi_uldivmod
 .text          0x60002d64      0x2e4 c:/rt-threadstudio/repo/extract/toolchain_support_packages/arm/gnu_tools_for_arm_embedded_processors/5.4.1/bin/../lib/gcc/arm-none-eabi/5.4.1/armv7e-m/fpu/fpv5-d16\libgcc.a(_udivmoddi4.o)
                0x60002d64                __udivmoddi4
 .text          0x60003048        0x4 c:/rt-threadstudio/repo/extract/toolchain_support_packages/arm/gnu_tools_for_arm_embedded_processors/5.4.1/bin/../lib/gcc/arm-none-eabi/5.4.1/armv7e-m/fpu/fpv5-d16\libgcc.a(_dvmd_tls.o)
                0x60003048                __aeabi_idiv0
                0x60003048                __aeabi_ldiv0
 *(.text*)
 .text.rt_tick_get
                0x6000304c       0x18 ./rt-thread/src/clock.o
                0x6000304c                rt_tick_get
 .text.rt_tick_increase
                0x60003064       0x7c ./rt-thread/src/clock.o
                0x60003064                rt_tick_increase
 .text.rt_tick_from_millisecond
                0x600030e0       0x78 ./rt-thread/src/clock.o
                0x600030e0                rt_tick_from_millisecond
 .text.rti_start
                0x60003158       0x10 ./rt-thread/src/components.o
 .text.rti_board_start
                0x60003168       0x10 ./rt-thread/src/components.o
 .text.rti_board_end
                0x60003178       0x10 ./rt-thread/src/components.o
 .text.rti_end  0x60003188       0x10 ./rt-thread/src/components.o
 .text.rt_components_board_init
                0x60003198       0x30 ./rt-thread/src/components.o
                0x60003198                rt_components_board_init
 .text.rt_components_init
                0x600031c8       0x30 ./rt-thread/src/components.o
                0x600031c8                rt_components_init
 .text.entry    0x600031f8       0x10 ./rt-thread/src/components.o
                0x600031f8                entry
 .text.main_thread_entry
                0x60003208       0x18 ./rt-thread/src/components.o
                0x60003208                main_thread_entry
 .text.rt_application_init
                0x60003220       0x34 ./rt-thread/src/components.o
                0x60003220                rt_application_init
 .text.rtthread_startup
                0x60003254       0x30 ./rt-thread/src/components.o
                0x60003254                rtthread_startup
 .text.rt_device_register
                0x60003284       0x54 ./rt-thread/src/device.o
                0x60003284                rt_device_register
 .text.rt_device_find
                0x600032d8       0x1c ./rt-thread/src/device.o
                0x600032d8                rt_device_find
 .text.rt_device_open
                0x600032f4       0xc0 ./rt-thread/src/device.o
                0x600032f4                rt_device_open
 .text.rt_device_close
                0x600033b4       0x64 ./rt-thread/src/device.o
                0x600033b4                rt_device_close
 .text.rt_device_read
                0x60003418       0x50 ./rt-thread/src/device.o
                0x60003418                rt_device_read
 .text.rt_device_write
                0x60003468       0x50 ./rt-thread/src/device.o
                0x60003468                rt_device_write
 .text.rt_device_set_rx_indicate
                0x600034b8       0x20 ./rt-thread/src/device.o
                0x600034b8                rt_device_set_rx_indicate
 .text.rt_list_insert_after
                0x600034d8       0x34 ./rt-thread/src/idle.o
 .text.rt_list_remove
                0x6000350c       0x38 ./rt-thread/src/idle.o
 .text.rt_thread_defunct_enqueue
                0x60003544       0x20 ./rt-thread/src/idle.o
                0x60003544                rt_thread_defunct_enqueue
 .text.rt_thread_defunct_dequeue
                0x60003564       0x44 ./rt-thread/src/idle.o
                0x60003564                rt_thread_defunct_dequeue
 .text.rt_defunct_execute
                0x600035a8       0x5c ./rt-thread/src/idle.o
 .text.idle_thread_entry
                0x60003604       0x38 ./rt-thread/src/idle.o
 .text.rt_thread_idle_init
                0x6000363c       0x74 ./rt-thread/src/idle.o
                0x6000363c                rt_thread_idle_init
 .text.rt_list_init
                0x600036b0       0x24 ./rt-thread/src/ipc.o
 .text.rt_list_insert_before
                0x600036d4       0x34 ./rt-thread/src/ipc.o
 .text.rt_list_isempty
                0x60003708       0x24 ./rt-thread/src/ipc.o
 .text._ipc_object_init
                0x6000372c       0x1c ./rt-thread/src/ipc.o
 .text._ipc_list_suspend
                0x60003748       0x90 ./rt-thread/src/ipc.o
 .text._ipc_list_resume
                0x600037d8       0x20 ./rt-thread/src/ipc.o
 .text.rt_sem_init
                0x600037f8       0x3c ./rt-thread/src/ipc.o
                0x600037f8                rt_sem_init
 .text.rt_sem_take
                0x60003834       0xc8 ./rt-thread/src/ipc.o
                0x60003834                rt_sem_take
 .text.rt_sem_release
                0x600038fc       0x88 ./rt-thread/src/ipc.o
                0x600038fc                rt_sem_release
 .text.rt_mutex_init
                0x60003984       0x4c ./rt-thread/src/ipc.o
                0x60003984                rt_mutex_init
 .text.rt_mutex_take
                0x600039d0      0x154 ./rt-thread/src/ipc.o
                0x600039d0                rt_mutex_take
 .text.rt_mutex_release
                0x60003b24      0x124 ./rt-thread/src/ipc.o
                0x60003b24                rt_mutex_release
 .text.rt_interrupt_enter
                0x60003c48       0x40 ./rt-thread/src/irq.o
                0x60003c48                rt_interrupt_enter
 .text.rt_interrupt_leave
                0x60003c88       0x40 ./rt-thread/src/irq.o
                0x60003c88                rt_interrupt_leave
 .text.rt_interrupt_get_nest
                0x60003cc8       0x28 ./rt-thread/src/irq.o
                0x60003cc8                rt_interrupt_get_nest
 .text.rt_strerror
                0x60003cf0       0x38 ./rt-thread/src/kservice.o
                0x60003cf0                rt_strerror
 .text.rt_set_errno
                0x60003d28       0x40 ./rt-thread/src/kservice.o
                0x60003d28                rt_set_errno
 .text.rt_memset
                0x60003d68       0xbc ./rt-thread/src/kservice.o
                0x60003d68                rt_memset
 .text.rt_memcpy
                0x60003e24       0xd4 ./rt-thread/src/kservice.o
                0x60003e24                rt_memcpy
 .text.rt_memmove
                0x60003ef8       0x84 ./rt-thread/src/kservice.o
                0x60003ef8                rt_memmove
 .text.rt_strncpy
                0x60003f7c       0x64 ./rt-thread/src/kservice.o
                0x60003f7c                rt_strncpy
 .text.rt_strncmp
                0x60003fe0       0x54 ./rt-thread/src/kservice.o
                0x60003fe0                rt_strncmp
 .text.rt_strcmp
                0x60004034       0x44 ./rt-thread/src/kservice.o
                0x60004034                rt_strcmp
 .text.rt_strlen
                0x60004078       0x30 ./rt-thread/src/kservice.o
                0x60004078                rt_strlen
 .text.rt_show_version
                0x600040a8       0x4c ./rt-thread/src/kservice.o
                0x600040a8                rt_show_version
 .text.divide   0x600040f4       0x40 ./rt-thread/src/kservice.o
 .text.skip_atoi
                0x60004134       0x48 ./rt-thread/src/kservice.o
 .text.print_number
                0x6000417c      0x200 ./rt-thread/src/kservice.o
 .text.rt_vsnprintf
                0x6000437c      0x564 ./rt-thread/src/kservice.o
                0x6000437c                rt_vsnprintf
 .text.rt_vsprintf
                0x600048e0       0x24 ./rt-thread/src/kservice.o
                0x600048e0                rt_vsprintf
 .text.rt_sprintf
                0x60004904       0x2c ./rt-thread/src/kservice.o
                0x60004904                rt_sprintf
 .text.rt_console_get_device
                0x60004930       0x18 ./rt-thread/src/kservice.o
                0x60004930                rt_console_get_device
 .text.rt_console_set_device
                0x60004948       0x58 ./rt-thread/src/kservice.o
                0x60004948                rt_console_set_device
 .text.rt_hw_console_output
                0x600049a0       0x14 ./rt-thread/src/kservice.o
                0x600049a0                rt_hw_console_output
 .text.rt_kprintf
                0x600049b4       0x60 ./rt-thread/src/kservice.o
                0x600049b4                rt_kprintf
 .text._heap_lock_init
                0x60004a14       0x1c ./rt-thread/src/kservice.o
 .text._heap_lock
                0x60004a30       0x28 ./rt-thread/src/kservice.o
 .text._heap_unlock
                0x60004a58       0x24 ./rt-thread/src/kservice.o
 .text.rt_system_heap_init
                0x60004a7c       0x40 ./rt-thread/src/kservice.o
                0x60004a7c                rt_system_heap_init
 .text.rt_malloc
                0x60004abc       0x44 ./rt-thread/src/kservice.o
                0x60004abc                rt_malloc
 .text.rt_realloc
                0x60004b00       0x30 ./rt-thread/src/kservice.o
                0x60004b00                rt_realloc
 .text.rt_calloc
                0x60004b30       0x3c ./rt-thread/src/kservice.o
                0x60004b30                rt_calloc
 .text.rt_free  0x60004b6c       0x40 ./rt-thread/src/kservice.o
                0x60004b6c                rt_free
 .text.__rt_ffs
                0x60004bac       0x70 ./rt-thread/src/kservice.o
                0x60004bac                __rt_ffs
 .text._remove_next_ptr
                0x60004c1c       0x3c ./rt-thread/src/memheap.o
 .text.rt_memheap_init
                0x60004c58      0x130 ./rt-thread/src/memheap.o
                0x60004c58                rt_memheap_init
 .text.rt_memheap_alloc
                0x60004d88      0x1dc ./rt-thread/src/memheap.o
                0x60004d88                rt_memheap_alloc
 .text.rt_memheap_realloc
                0x60004f64      0x2ac ./rt-thread/src/memheap.o
                0x60004f64                rt_memheap_realloc
 .text.rt_memheap_free
                0x60005210      0x13c ./rt-thread/src/memheap.o
                0x60005210                rt_memheap_free
 .text._memheap_alloc
                0x6000534c       0x70 ./rt-thread/src/memheap.o
                0x6000534c                _memheap_alloc
 .text._memheap_free
                0x600053bc       0x18 ./rt-thread/src/memheap.o
                0x600053bc                _memheap_free
 .text._memheap_realloc
                0x600053d4       0xa4 ./rt-thread/src/memheap.o
                0x600053d4                _memheap_realloc
 .text.rt_list_insert_after
                0x60005478       0x34 ./rt-thread/src/object.o
 .text.rt_list_remove
                0x600054ac       0x38 ./rt-thread/src/object.o
 .text.rt_object_get_information
                0x600054e4       0x48 ./rt-thread/src/object.o
                0x600054e4                rt_object_get_information
 .text.rt_object_init
                0x6000552c       0x94 ./rt-thread/src/object.o
                0x6000552c                rt_object_init
 .text.rt_object_detach
                0x600055c0       0x40 ./rt-thread/src/object.o
                0x600055c0                rt_object_detach
 .text.rt_object_allocate
                0x60005600       0x8c ./rt-thread/src/object.o
                0x60005600                rt_object_allocate
 .text.rt_object_delete
                0x6000568c       0x48 ./rt-thread/src/object.o
                0x6000568c                rt_object_delete
 .text.rt_object_is_systemobject
                0x600056d4       0x24 ./rt-thread/src/object.o
                0x600056d4                rt_object_is_systemobject
 .text.rt_object_find
                0x600056f8       0x7c ./rt-thread/src/object.o
                0x600056f8                rt_object_find
 .text.rt_list_init
                0x60005774       0x24 ./rt-thread/src/scheduler.o
 .text.rt_list_insert_after
                0x60005798       0x34 ./rt-thread/src/scheduler.o
 .text.rt_list_insert_before
                0x600057cc       0x34 ./rt-thread/src/scheduler.o
 .text.rt_list_remove
                0x60005800       0x38 ./rt-thread/src/scheduler.o
 .text.rt_list_isempty
                0x60005838       0x24 ./rt-thread/src/scheduler.o
 .text._scheduler_stack_check
                0x6000585c       0x7c ./rt-thread/src/scheduler.o
 .text._scheduler_get_highest_priority_thread
                0x600058d8       0x3c ./rt-thread/src/scheduler.o
 .text.rt_system_scheduler_init
                0x60005914       0x48 ./rt-thread/src/scheduler.o
                0x60005914                rt_system_scheduler_init
 .text.rt_system_scheduler_start
                0x6000595c       0x3c ./rt-thread/src/scheduler.o
                0x6000595c                rt_system_scheduler_start
 .text.rt_schedule
                0x60005998      0x19c ./rt-thread/src/scheduler.o
                0x60005998                rt_schedule
 .text.rt_schedule_insert_thread
                0x60005b34       0xbc ./rt-thread/src/scheduler.o
                0x60005b34                rt_schedule_insert_thread
 .text.rt_schedule_remove_thread
                0x60005bf0       0x58 ./rt-thread/src/scheduler.o
                0x60005bf0                rt_schedule_remove_thread
 .text.rt_enter_critical
                0x60005c48       0x30 ./rt-thread/src/scheduler.o
                0x60005c48                rt_enter_critical
 .text.rt_exit_critical
                0x60005c78       0x58 ./rt-thread/src/scheduler.o
                0x60005c78                rt_exit_critical
 .text.rt_list_init
                0x60005cd0       0x24 ./rt-thread/src/thread.o
 .text.rt_list_remove
                0x60005cf4       0x38 ./rt-thread/src/thread.o
 .text._thread_exit
                0x60005d2c       0x44 ./rt-thread/src/thread.o
 .text._thread_timeout
                0x60005d70       0x3c ./rt-thread/src/thread.o
 .text._thread_init
                0x60005dac       0xe4 ./rt-thread/src/thread.o
 .text.rt_thread_init
                0x60005e90       0x40 ./rt-thread/src/thread.o
                0x60005e90                rt_thread_init
 .text.rt_thread_self
                0x60005ed0       0x18 ./rt-thread/src/thread.o
                0x60005ed0                rt_thread_self
 .text.rt_thread_startup
                0x60005ee8       0x40 ./rt-thread/src/thread.o
                0x60005ee8                rt_thread_startup
 .text.rt_thread_detach
                0x60005f28       0x5c ./rt-thread/src/thread.o
                0x60005f28                rt_thread_detach
 .text.rt_thread_create
                0x60005f84       0x64 ./rt-thread/src/thread.o
                0x60005f84                rt_thread_create
 .text.rt_thread_delete
                0x60005fe8       0x5c ./rt-thread/src/thread.o
                0x60005fe8                rt_thread_delete
 .text.rt_thread_sleep
                0x60006044       0x6c ./rt-thread/src/thread.o
                0x60006044                rt_thread_sleep
 .text.rt_thread_mdelay
                0x600060b0       0x20 ./rt-thread/src/thread.o
                0x600060b0                rt_thread_mdelay
 .text.rt_thread_control
                0x600060d0       0xb8 ./rt-thread/src/thread.o
                0x600060d0                rt_thread_control
 .text.rt_thread_suspend
                0x60006188       0x7c ./rt-thread/src/thread.o
                0x60006188                rt_thread_suspend
 .text.rt_thread_resume
                0x60006204       0x60 ./rt-thread/src/thread.o
                0x60006204                rt_thread_resume
 .text.rt_list_init
                0x60006264       0x24 ./rt-thread/src/timer.o
 .text.rt_list_insert_after
                0x60006288       0x34 ./rt-thread/src/timer.o
 .text.rt_list_remove
                0x600062bc       0x38 ./rt-thread/src/timer.o
 .text.rt_list_isempty
                0x600062f4       0x24 ./rt-thread/src/timer.o
 .text._timer_init
                0x60006318       0x68 ./rt-thread/src/timer.o
 .text._timer_remove
                0x60006380       0x34 ./rt-thread/src/timer.o
 .text.rt_timer_init
                0x600063b4       0x34 ./rt-thread/src/timer.o
                0x600063b4                rt_timer_init
 .text.rt_timer_detach
                0x600063e8       0x3c ./rt-thread/src/timer.o
                0x600063e8                rt_timer_detach
 .text.rt_timer_start
                0x60006424      0x1ac ./rt-thread/src/timer.o
                0x60006424                rt_timer_start
 .text.rt_timer_stop
                0x600065d0       0x5c ./rt-thread/src/timer.o
                0x600065d0                rt_timer_stop
 .text.rt_timer_control
                0x6000662c       0xa4 ./rt-thread/src/timer.o
                0x6000662c                rt_timer_control
 .text.rt_timer_check
                0x600066d0      0x108 ./rt-thread/src/timer.o
                0x600066d0                rt_timer_check
 .text.rt_system_timer_init
                0x600067d8       0x34 ./rt-thread/src/timer.o
                0x600067d8                rt_system_timer_init
 .text.rt_system_timer_thread_init
                0x6000680c       0x10 ./rt-thread/src/timer.o
                0x6000680c                rt_system_timer_thread_init
 .text.rt_hw_stack_init
                0x6000681c       0x90 ./rt-thread/libcpu/arm/cortex-m7/cpuport.o
                0x6000681c                rt_hw_stack_init
 .text.usage_fault_track
                0x600068ac       0xc4 ./rt-thread/libcpu/arm/cortex-m7/cpuport.o
 .text.bus_fault_track
                0x60006970       0xcc ./rt-thread/libcpu/arm/cortex-m7/cpuport.o
 .text.mem_manage_fault_track
                0x60006a3c       0xb4 ./rt-thread/libcpu/arm/cortex-m7/cpuport.o
 .text.hard_fault_track
                0x60006af0       0x78 ./rt-thread/libcpu/arm/cortex-m7/cpuport.o
 .text.rt_hw_hard_fault_exception
                0x60006b68      0x184 ./rt-thread/libcpu/arm/cortex-m7/cpuport.o
                0x60006b68                rt_hw_hard_fault_exception
 .text._malloc_r
                0x60006cec       0x28 ./rt-thread/components/libc/compilers/newlib/syscalls.o
                0x60006cec                _malloc_r
 .text._realloc_r
                0x60006d14       0x2c ./rt-thread/components/libc/compilers/newlib/syscalls.o
                0x60006d14                _realloc_r
 .text._free_r  0x60006d40       0x18 ./rt-thread/components/libc/compilers/newlib/syscalls.o
                0x60006d40                _free_r
 .text._getpid_r
                0x60006d58       0x18 ./rt-thread/components/libc/compilers/newlib/syscalls.o
                0x60006d58                _getpid_r
 .text._close_r
                0x60006d70       0x20 ./rt-thread/components/libc/compilers/newlib/syscalls.o
                0x60006d70                _close_r
 .text._fstat_r
                0x60006d90       0x24 ./rt-thread/components/libc/compilers/newlib/syscalls.o
                0x60006d90                _fstat_r
 .text._isatty_r
                0x60006db4       0x28 ./rt-thread/components/libc/compilers/newlib/syscalls.o
                0x60006db4                _isatty_r
 .text._kill_r  0x60006ddc       0x24 ./rt-thread/components/libc/compilers/newlib/syscalls.o
                0x60006ddc                _kill_r
 .text._lseek_r
                0x60006e00       0x24 ./rt-thread/components/libc/compilers/newlib/syscalls.o
                0x60006e00                _lseek_r
 .text._read_r  0x60006e24       0x24 ./rt-thread/components/libc/compilers/newlib/syscalls.o
                0x60006e24                _read_r
 .text._write_r
                0x60006e48       0x60 ./rt-thread/components/libc/compilers/newlib/syscalls.o
                0x60006e48                _write_r
 .text._exit    0x60006ea8       0x10 ./rt-thread/components/libc/compilers/newlib/syscalls.o
                0x60006ea8                _exit
 .text.__rt_libc_exit
                0x60006eb8       0x28 ./rt-thread/components/libc/compilers/common/cstdlib.o
                0x60006eb8                __rt_libc_exit
 .text.rt_list_isempty
                0x60006ee0       0x24 ./rt-thread/components/finsh/cmd.o
 .text.rt_list_len
                0x60006f04       0x38 ./rt-thread/components/finsh/cmd.o
 .text.clear    0x60006f3c       0x14 ./rt-thread/components/finsh/cmd.o
 .text.version  0x60006f50       0x10 ./rt-thread/components/finsh/cmd.o
                0x60006f50                version
 .text.object_split
                0x60006f60       0x28 ./rt-thread/components/finsh/cmd.o
 .text.list_find_init
                0x60006f88       0x48 ./rt-thread/components/finsh/cmd.o
 .text.list_get_next
                0x60006fd0       0xc0 ./rt-thread/components/finsh/cmd.o
 .text.list_thread
                0x60007090      0x210 ./rt-thread/components/finsh/cmd.o
                0x60007090                list_thread
 .text.show_wait_queue
                0x600072a0       0x50 ./rt-thread/components/finsh/cmd.o
 .text.list_sem
                0x600072f0      0x124 ./rt-thread/components/finsh/cmd.o
                0x600072f0                list_sem
 .text.list_event
                0x60007414      0x114 ./rt-thread/components/finsh/cmd.o
                0x60007414                list_event
 .text.list_mutex
                0x60007528       0xe4 ./rt-thread/components/finsh/cmd.o
                0x60007528                list_mutex
 .text.list_mailbox
                0x6000760c      0x134 ./rt-thread/components/finsh/cmd.o
                0x6000760c                list_mailbox
 .text.list_msgqueue
                0x60007740      0x124 ./rt-thread/components/finsh/cmd.o
                0x60007740                list_msgqueue
 .text.list_memheap
                0x60007864       0xd4 ./rt-thread/components/finsh/cmd.o
                0x60007864                list_memheap
 .text.list_mempool
                0x60007938      0x140 ./rt-thread/components/finsh/cmd.o
                0x60007938                list_mempool
 .text.list_timer
                0x60007a78      0x124 ./rt-thread/components/finsh/cmd.o
                0x60007a78                list_timer
 .text.list_device
                0x60007b9c       0xfc ./rt-thread/components/finsh/cmd.o
                0x60007b9c                list_device
 .text.cmd_list
                0x60007c98      0x19c ./rt-thread/components/finsh/cmd.o
                0x60007c98                cmd_list
 .text.msh_help
                0x60007e34       0x5c ./rt-thread/components/finsh/msh.o
                0x60007e34                msh_help
 .text.cmd_ps   0x60007e90       0x18 ./rt-thread/components/finsh/msh.o
                0x60007e90                cmd_ps
 .text.cmd_free
                0x60007ea8       0x18 ./rt-thread/components/finsh/msh.o
                0x60007ea8                cmd_free
 .text.msh_split
                0x60007ec0      0x170 ./rt-thread/components/finsh/msh.o
 .text.msh_get_cmd
                0x60008030       0x64 ./rt-thread/components/finsh/msh.o
 .text._msh_exec_cmd
                0x60008094       0xa4 ./rt-thread/components/finsh/msh.o
 .text.msh_exec
                0x60008138       0x8c ./rt-thread/components/finsh/msh.o
                0x60008138                msh_exec
 .text.str_common
                0x600081c4       0x4c ./rt-thread/components/finsh/msh.o
 .text.msh_auto_complete
                0x60008210       0xb4 ./rt-thread/components/finsh/msh.o
                0x60008210                msh_auto_complete
 .text.msh_isint
                0x600082c4       0x68 ./rt-thread/components/finsh/msh_parse.o
                0x600082c4                msh_isint
 .text.finsh_get_prompt
                0x6000832c       0x78 ./rt-thread/components/finsh/shell.o
                0x6000832c                finsh_get_prompt
 .text.finsh_set_prompt_mode
                0x600083a4       0x34 ./rt-thread/components/finsh/shell.o
                0x600083a4                finsh_set_prompt_mode
 .text.finsh_getchar
                0x600083d8       0x74 ./rt-thread/components/finsh/shell.o
                0x600083d8                finsh_getchar
 .text.finsh_rx_ind
                0x6000844c       0x24 ./rt-thread/components/finsh/shell.o
 .text.finsh_set_device
                0x60008470       0xbc ./rt-thread/components/finsh/shell.o
                0x60008470                finsh_set_device
 .text.shell_auto_complete
                0x6000852c       0x34 ./rt-thread/components/finsh/shell.o
 .text.shell_handle_history
                0x60008560       0x34 ./rt-thread/components/finsh/shell.o
 .text.shell_push_history
                0x60008594      0x160 ./rt-thread/components/finsh/shell.o
 .text.finsh_thread_entry
                0x600086f4      0x5d0 ./rt-thread/components/finsh/shell.o
                0x600086f4                finsh_thread_entry
 .text.finsh_system_function_init
                0x60008cc4       0x2c ./rt-thread/components/finsh/shell.o
                0x60008cc4                finsh_system_function_init
 .text.finsh_system_init
                0x60008cf0       0x9c ./rt-thread/components/finsh/shell.o
                0x60008cf0                finsh_system_init
 .text._serial_poll_rx
                0x60008d8c       0x68 ./rt-thread/components/drivers/serial/serial.o
 .text._serial_poll_tx
                0x60008df4       0x64 ./rt-thread/components/drivers/serial/serial.o
 .text._serial_int_rx
                0x60008e58       0xa8 ./rt-thread/components/drivers/serial/serial.o
 .text._serial_int_tx
                0x60008f00       0x94 ./rt-thread/components/drivers/serial/serial.o
 .text._serial_check_buffer_size
                0x60008f94       0x20 ./rt-thread/components/drivers/serial/serial.o
 .text.rt_serial_init
                0x60008fb4       0x44 ./rt-thread/components/drivers/serial/serial.o
 .text.rt_serial_open
                0x60008ff8      0x1c8 ./rt-thread/components/drivers/serial/serial.o
 .text.rt_serial_close
                0x600091c0       0xb8 ./rt-thread/components/drivers/serial/serial.o
 .text.rt_serial_read
                0x60009278       0x50 ./rt-thread/components/drivers/serial/serial.o
 .text.rt_serial_write
                0x600092c8       0x50 ./rt-thread/components/drivers/serial/serial.o
 .text.rt_serial_control
                0x60009318       0xb4 ./rt-thread/components/drivers/serial/serial.o
 .text.rt_hw_serial_register
                0x600093cc       0x80 ./rt-thread/components/drivers/serial/serial.o
                0x600093cc                rt_hw_serial_register
 .text.rt_hw_serial_isr
                0x6000944c      0x130 ./rt-thread/components/drivers/serial/serial.o
                0x6000944c                rt_hw_serial_isr
 .text._pin_read
                0x6000957c       0x48 ./rt-thread/components/drivers/misc/pin.o
 .text._pin_write
                0x600095c4       0x44 ./rt-thread/components/drivers/misc/pin.o
 .text._pin_control
                0x60009608       0x40 ./rt-thread/components/drivers/misc/pin.o
 .text.rt_device_pin_register
                0x60009648       0x74 ./rt-thread/components/drivers/misc/pin.o
                0x60009648                rt_device_pin_register
 .text.rt_pin_mode
                0x600096bc       0x24 ./rt-thread/components/drivers/misc/pin.o
                0x600096bc                rt_pin_mode
 .text.rt_pin_write
                0x600096e0       0x24 ./rt-thread/components/drivers/misc/pin.o
                0x600096e0                rt_pin_write
 .text.rt_pin_read
                0x60009704       0x24 ./rt-thread/components/drivers/misc/pin.o
                0x60009704                rt_pin_read
 .text.rt_pin_get
                0x60009728       0x48 ./rt-thread/components/drivers/misc/pin.o
                0x60009728                rt_pin_get
 .text._pin_cmd_conv
                0x60009770       0xb4 ./rt-thread/components/drivers/misc/pin.o
 .text._pin_cmd_print_usage
                0x60009824       0x58 ./rt-thread/components/drivers/misc/pin.o
 .text._pin_cmd_get
                0x6000987c       0x5c ./rt-thread/components/drivers/misc/pin.o
 .text._pin_cmd_mode
                0x600098d8      0x10c ./rt-thread/components/drivers/misc/pin.o
 .text._pin_cmd_read
                0x600099e4       0x90 ./rt-thread/components/drivers/misc/pin.o
 .text._pin_cmd_write
                0x60009a74       0xe4 ./rt-thread/components/drivers/misc/pin.o
 .text._pin_cmd
                0x60009b58       0xac ./rt-thread/components/drivers/misc/pin.o
 .text.rt_list_init
                0x60009c04       0x24 ./rt-thread/components/drivers/ipc/completion.o
 .text.rt_list_insert_before
                0x60009c28       0x34 ./rt-thread/components/drivers/ipc/completion.o
 .text.rt_list_isempty
                0x60009c5c       0x24 ./rt-thread/components/drivers/ipc/completion.o
 .text.rt_completion_init
                0x60009c80       0x2c ./rt-thread/components/drivers/ipc/completion.o
                0x60009c80                rt_completion_init
 .text.rt_completion_wait
                0x60009cac       0x98 ./rt-thread/components/drivers/ipc/completion.o
                0x60009cac                rt_completion_wait
 .text.rt_completion_done
                0x60009d44       0x58 ./rt-thread/components/drivers/ipc/completion.o
                0x60009d44                rt_completion_done
 .text.rt_i2c_bus_device_register
                0x60009d9c       0x44 ./rt-thread/components/drivers/i2c/i2c_core.o
                0x60009d9c                rt_i2c_bus_device_register
 .text.rt_i2c_transfer
                0x60009de0       0x4c ./rt-thread/components/drivers/i2c/i2c_core.o
                0x60009de0                rt_i2c_transfer
 .text.rt_i2c_control
                0x60009e2c       0x34 ./rt-thread/components/drivers/i2c/i2c_core.o
                0x60009e2c                rt_i2c_control
 .text.rt_i2c_master_send
                0x60009e60       0x48 ./rt-thread/components/drivers/i2c/i2c_core.o
                0x60009e60                rt_i2c_master_send
 .text.rt_i2c_master_recv
                0x60009ea8       0x50 ./rt-thread/components/drivers/i2c/i2c_core.o
                0x60009ea8                rt_i2c_master_recv
 .text.rt_i2c_core_init
                0x60009ef8       0x10 ./rt-thread/components/drivers/i2c/i2c_core.o
                0x60009ef8                rt_i2c_core_init
 .text.i2c_bus_device_read
                0x60009f08       0x38 ./rt-thread/components/drivers/i2c/i2c_dev.o
 .text.i2c_bus_device_write
                0x60009f40       0x38 ./rt-thread/components/drivers/i2c/i2c_dev.o
 .text.i2c_bus_device_control
                0x60009f78       0xb0 ./rt-thread/components/drivers/i2c/i2c_dev.o
 .text.rt_i2c_bus_device_device_init
                0x6000a028       0x60 ./rt-thread/components/drivers/i2c/i2c_dev.o
                0x6000a028                rt_i2c_bus_device_device_init
 .text.__NVIC_GetPriorityGrouping
                0x6000a088       0x1c ./libraries/drivers/drv_gpio.o
 .text.__NVIC_EnableIRQ
                0x6000a0a4       0x3c ./libraries/drivers/drv_gpio.o
 .text.__NVIC_SetPriority
                0x6000a0e0       0x54 ./libraries/drivers/drv_gpio.o
 .text.NVIC_EncodePriority
                0x6000a134       0x64 ./libraries/drivers/drv_gpio.o
 .text._SDK_AtomicLocalClearAndSet4Byte
                0x6000a198       0x50 ./libraries/drivers/drv_gpio.o
 .text.CLOCK_ControlGate
                0x6000a1e8       0x70 ./libraries/drivers/drv_gpio.o
 .text.CLOCK_EnableClock
                0x6000a258       0x20 ./libraries/drivers/drv_gpio.o
 .text.EnableIRQ
                0x6000a278       0x34 ./libraries/drivers/drv_gpio.o
 .text.GPIO_PinReadPadStatus
                0x6000a2ac       0x44 ./libraries/drivers/drv_gpio.o
 .text.GPIO_PortEnableInterrupts
                0x6000a2f0       0x24 ./libraries/drivers/drv_gpio.o
 .text.GPIO_PortDisableInterrupts
                0x6000a314       0x24 ./libraries/drivers/drv_gpio.o
 .text.GPIO_PortGetInterruptFlags
                0x6000a338       0x18 ./libraries/drivers/drv_gpio.o
 .text.GPIO_PortClearInterruptFlags
                0x6000a350       0x1c ./libraries/drivers/drv_gpio.o
 .text.IOMUXC_SetPinMux
                0x6000a36c       0x3c ./libraries/drivers/drv_gpio.o
 .text.IOMUXC_SetPinConfig
                0x6000a3a8       0x28 ./libraries/drivers/drv_gpio.o
 .text.imxrt_isr
                0x6000a3d0       0xc0 ./libraries/drivers/drv_gpio.o
 .text.GPIO1_Combined_0_15_IRQHandler
                0x6000a490       0x20 ./libraries/drivers/drv_gpio.o
                0x6000a490                GPIO1_Combined_0_15_IRQHandler
 .text.GPIO1_Combined_16_31_IRQHandler
                0x6000a4b0       0x20 ./libraries/drivers/drv_gpio.o
                0x6000a4b0                GPIO1_Combined_16_31_IRQHandler
 .text.GPIO2_Combined_0_15_IRQHandler
                0x6000a4d0       0x20 ./libraries/drivers/drv_gpio.o
                0x6000a4d0                GPIO2_Combined_0_15_IRQHandler
 .text.GPIO2_Combined_16_31_IRQHandler
                0x6000a4f0       0x20 ./libraries/drivers/drv_gpio.o
                0x6000a4f0                GPIO2_Combined_16_31_IRQHandler
 .text.GPIO3_Combined_0_15_IRQHandler
                0x6000a510       0x20 ./libraries/drivers/drv_gpio.o
                0x6000a510                GPIO3_Combined_0_15_IRQHandler
 .text.GPIO3_Combined_16_31_IRQHandler
                0x6000a530       0x20 ./libraries/drivers/drv_gpio.o
                0x6000a530                GPIO3_Combined_16_31_IRQHandler
 .text.GPIO4_Combined_0_15_IRQHandler
                0x6000a550       0x20 ./libraries/drivers/drv_gpio.o
                0x6000a550                GPIO4_Combined_0_15_IRQHandler
 .text.GPIO4_Combined_16_31_IRQHandler
                0x6000a570       0x20 ./libraries/drivers/drv_gpio.o
                0x6000a570                GPIO4_Combined_16_31_IRQHandler
 .text.GPIO5_Combined_0_15_IRQHandler
                0x6000a590       0x20 ./libraries/drivers/drv_gpio.o
                0x6000a590                GPIO5_Combined_0_15_IRQHandler
 .text.GPIO5_Combined_16_31_IRQHandler
                0x6000a5b0       0x20 ./libraries/drivers/drv_gpio.o
                0x6000a5b0                GPIO5_Combined_16_31_IRQHandler
 .text.imxrt_pin_mode
                0x6000a5d0      0x1bc ./libraries/drivers/drv_gpio.o
 .text.imxrt_pin_read
                0x6000a78c       0x6c ./libraries/drivers/drv_gpio.o
 .text.imxrt_pin_write
                0x6000a7f8       0x68 ./libraries/drivers/drv_gpio.o
 .text.imxrt_pin_attach_irq
                0x6000a860      0x128 ./libraries/drivers/drv_gpio.o
 .text.imxrt_pin_detach_irq
                0x6000a988       0xd4 ./libraries/drivers/drv_gpio.o
 .text.imxrt_pin_irq_enable
                0x6000aa5c      0x174 ./libraries/drivers/drv_gpio.o
 .text.imxrt_pin_get
                0x6000abd0       0xb4 ./libraries/drivers/drv_gpio.o
 .text.rt_hw_pin_init
                0x6000ac84       0x28 ./libraries/drivers/drv_gpio.o
                0x6000ac84                rt_hw_pin_init
 .text.CLOCK_SetMux
                0x6000acac       0xa8 ./libraries/drivers/drv_i2c.o
 .text.CLOCK_SetDiv
                0x6000ad54       0xa8 ./libraries/drivers/drv_i2c.o
 .text.LPI2C_MasterGetStatusFlags
                0x6000adfc       0x18 ./libraries/drivers/drv_i2c.o
 .text.LPI2C_MasterClearStatusFlags
                0x6000ae14       0x1c ./libraries/drivers/drv_i2c.o
 .text.LPI2C_MasterGetFifoCounts
                0x6000ae30       0x40 ./libraries/drivers/drv_i2c.o
 .text.LPI2C_MasterRepeatedStart
                0x6000ae70       0x28 ./libraries/drivers/drv_i2c.o
 .text.imxrt_lpi2c_configure
                0x6000ae98       0x50 ./libraries/drivers/drv_i2c.o
 .text.LPI2C_MasterCheck
                0x6000aee8       0x9c ./libraries/drivers/drv_i2c.o
                0x6000aee8                LPI2C_MasterCheck
 .text.LPI2C_MasterWaitForTxFifoAllEmpty
                0x6000af84       0x44 ./libraries/drivers/drv_i2c.o
 .text.imxrt_i2c_mst_xfer
                0x6000afc8      0x294 ./libraries/drivers/drv_i2c.o
 .text.imxrt_i2c_slv_xfer
                0x6000b25c       0x1c ./libraries/drivers/drv_i2c.o
 .text.imxrt_i2c_bus_control
                0x6000b278       0x1c ./libraries/drivers/drv_i2c.o
 .text.rt_hw_i2c_init
                0x6000b294       0x50 ./libraries/drivers/drv_i2c.o
                0x6000b294                rt_hw_i2c_init
 .text.__NVIC_GetPriorityGrouping
                0x6000b2e4       0x1c ./libraries/drivers/drv_uart.o
 .text.__NVIC_EnableIRQ
                0x6000b300       0x3c ./libraries/drivers/drv_uart.o
 .text.__NVIC_DisableIRQ
                0x6000b33c       0x44 ./libraries/drivers/drv_uart.o
 .text.__NVIC_SetPriority
                0x6000b380       0x54 ./libraries/drivers/drv_uart.o
 .text.NVIC_EncodePriority
                0x6000b3d4       0x64 ./libraries/drivers/drv_uart.o
 .text.CLOCK_GetMux
                0x6000b438       0x44 ./libraries/drivers/drv_uart.o
 .text.CLOCK_GetDiv
                0x6000b47c       0x44 ./libraries/drivers/drv_uart.o
 .text.CLOCK_GetOscFreq
                0x6000b4c0       0x30 ./libraries/drivers/drv_uart.o
 .text.EnableIRQ
                0x6000b4f0       0x34 ./libraries/drivers/drv_uart.o
 .text.DisableIRQ
                0x6000b524       0x34 ./libraries/drivers/drv_uart.o
 .text.LPUART_WriteByte
                0x6000b558       0x20 ./libraries/drivers/drv_uart.o
 .text.LPUART_ReadByte
                0x6000b578       0x70 ./libraries/drivers/drv_uart.o
 .text.uart_get_dma_config
                0x6000b5e8       0x10 ./libraries/drivers/drv_uart.o
 .text.LPUART1_IRQHandler
                0x6000b5f8       0x1c ./libraries/drivers/drv_uart.o
                0x6000b5f8                LPUART1_IRQHandler
 .text.uart_isr
                0x6000b614       0x54 ./libraries/drivers/drv_uart.o
 .text.GetUartSrcFreq
                0x6000b668       0x68 ./libraries/drivers/drv_uart.o
                0x6000b668                GetUartSrcFreq
 .text.imxrt_configure
                0x6000b6d0       0xa8 ./libraries/drivers/drv_uart.o
 .text.imxrt_control
                0x6000b778       0x70 ./libraries/drivers/drv_uart.o
 .text.imxrt_putc
                0x6000b7e8       0x40 ./libraries/drivers/drv_uart.o
 .text.imxrt_getc
                0x6000b828       0x40 ./libraries/drivers/drv_uart.o
 .text.rt_hw_uart_init
                0x6000b868       0xbc ./libraries/drivers/drv_uart.o
                0x6000b868                rt_hw_uart_init
 .text.CLOCK_GetOscFreq
                0x6000b924       0x30 ./libraries/MIMXRT1060/MIMXRT1060/drivers/fsl_clock.o
 .text.CLOCK_GetRtcFreq
                0x6000b954       0x14 ./libraries/MIMXRT1060/MIMXRT1060/drivers/fsl_clock.o
 .text.CLOCK_IsPllBypassed
                0x6000b968       0x34 ./libraries/MIMXRT1060/MIMXRT1060/drivers/fsl_clock.o
 .text.CLOCK_IsPllEnabled
                0x6000b99c       0x3c ./libraries/MIMXRT1060/MIMXRT1060/drivers/fsl_clock.o
 .text.CLOCK_GetPllBypassRefClk
                0x6000b9d8       0x34 ./libraries/MIMXRT1060/MIMXRT1060/drivers/fsl_clock.o
 .text.CLOCK_GetPeriphClkFreq
                0x6000ba0c       0xe0 ./libraries/MIMXRT1060/MIMXRT1060/drivers/fsl_clock.o
 .text.CLOCK_GetPllUsb1SWFreq
                0x6000baec       0x44 ./libraries/MIMXRT1060/MIMXRT1060/drivers/fsl_clock.o
 .text.CLOCK_InitExternalClk
                0x6000bb30       0x78 ./libraries/MIMXRT1060/MIMXRT1060/drivers/fsl_clock.o
                0x6000bb30                CLOCK_InitExternalClk
 .text.CLOCK_SwitchOsc
                0x6000bba8       0x34 ./libraries/MIMXRT1060/MIMXRT1060/drivers/fsl_clock.o
                0x6000bba8                CLOCK_SwitchOsc
 .text.CLOCK_InitRcOsc24M
                0x6000bbdc       0x24 ./libraries/MIMXRT1060/MIMXRT1060/drivers/fsl_clock.o
                0x6000bbdc                CLOCK_InitRcOsc24M
 .text.CLOCK_GetAhbFreq
                0x6000bc00       0x24 ./libraries/MIMXRT1060/MIMXRT1060/drivers/fsl_clock.o
                0x6000bc00                CLOCK_GetAhbFreq
 .text.CLOCK_GetSemcFreq
                0x6000bc24       0x5c ./libraries/MIMXRT1060/MIMXRT1060/drivers/fsl_clock.o
                0x6000bc24                CLOCK_GetSemcFreq
 .text.CLOCK_GetIpgFreq
                0x6000bc80       0x24 ./libraries/MIMXRT1060/MIMXRT1060/drivers/fsl_clock.o
                0x6000bc80                CLOCK_GetIpgFreq
 .text.CLOCK_GetPerClkFreq
                0x6000bca4       0x40 ./libraries/MIMXRT1060/MIMXRT1060/drivers/fsl_clock.o
                0x6000bca4                CLOCK_GetPerClkFreq
 .text.CLOCK_GetFreq
                0x6000bce4      0x1c8 ./libraries/MIMXRT1060/MIMXRT1060/drivers/fsl_clock.o
                0x6000bce4                CLOCK_GetFreq
 .text.CLOCK_InitArmPll
                0x6000beac       0x68 ./libraries/MIMXRT1060/MIMXRT1060/drivers/fsl_clock.o
                0x6000beac                CLOCK_InitArmPll
 .text.CLOCK_DeinitUsb2Pll
                0x6000bf14       0x18 ./libraries/MIMXRT1060/MIMXRT1060/drivers/fsl_clock.o
                0x6000bf14                CLOCK_DeinitUsb2Pll
 .text.CLOCK_DeinitAudioPll
                0x6000bf2c       0x1c ./libraries/MIMXRT1060/MIMXRT1060/drivers/fsl_clock.o
                0x6000bf2c                CLOCK_DeinitAudioPll
 .text.CLOCK_DeinitEnetPll
                0x6000bf48       0x1c ./libraries/MIMXRT1060/MIMXRT1060/drivers/fsl_clock.o
                0x6000bf48                CLOCK_DeinitEnetPll
 .text.CLOCK_GetPllFreq
                0x6000bf64      0x3a8 ./libraries/MIMXRT1060/MIMXRT1060/drivers/fsl_clock.o
                0x6000bf64                CLOCK_GetPllFreq
 .text.CLOCK_GetSysPfdFreq
                0x6000c30c       0xac ./libraries/MIMXRT1060/MIMXRT1060/drivers/fsl_clock.o
                0x6000c30c                CLOCK_GetSysPfdFreq
 .text.CLOCK_GetUsb1PfdFreq
                0x6000c3b8       0xac ./libraries/MIMXRT1060/MIMXRT1060/drivers/fsl_clock.o
                0x6000c3b8                CLOCK_GetUsb1PfdFreq
 .text._SDK_AtomicLocalClearAndSet4Byte
                0x6000c464       0x50 ./libraries/MIMXRT1060/MIMXRT1060/drivers/fsl_gpio.o
 .text.CLOCK_ControlGate
                0x6000c4b4       0x70 ./libraries/MIMXRT1060/MIMXRT1060/drivers/fsl_gpio.o
 .text.CLOCK_EnableClock
                0x6000c524       0x20 ./libraries/MIMXRT1060/MIMXRT1060/drivers/fsl_gpio.o
 .text.GPIO_SetPinInterruptConfig
                0x6000c544       0x24 ./libraries/MIMXRT1060/MIMXRT1060/drivers/fsl_gpio.o
 .text.GPIO_GetInstance
                0x6000c568       0x58 ./libraries/MIMXRT1060/MIMXRT1060/drivers/fsl_gpio.o
 .text.GPIO_PinInit
                0x6000c5c0       0xa4 ./libraries/MIMXRT1060/MIMXRT1060/drivers/fsl_gpio.o
                0x6000c5c0                GPIO_PinInit
 .text.GPIO_PinWrite
                0x6000c664       0x54 ./libraries/MIMXRT1060/MIMXRT1060/drivers/fsl_gpio.o
                0x6000c664                GPIO_PinWrite
 .text.GPIO_PinSetInterruptConfig
                0x6000c6b8       0xfc ./libraries/MIMXRT1060/MIMXRT1060/drivers/fsl_gpio.o
                0x6000c6b8                GPIO_PinSetInterruptConfig
 .text._SDK_AtomicLocalClearAndSet4Byte
                0x6000c7b4       0x50 ./libraries/MIMXRT1060/MIMXRT1060/drivers/fsl_lpi2c.o
 .text.CLOCK_ControlGate
                0x6000c804       0x70 ./libraries/MIMXRT1060/MIMXRT1060/drivers/fsl_lpi2c.o
 .text.CLOCK_EnableClock
                0x6000c874       0x20 ./libraries/MIMXRT1060/MIMXRT1060/drivers/fsl_lpi2c.o
 .text.LPI2C_MasterReset
                0x6000c894       0x20 ./libraries/MIMXRT1060/MIMXRT1060/drivers/fsl_lpi2c.o
 .text.LPI2C_MasterEnable
                0x6000c8b4       0x28 ./libraries/MIMXRT1060/MIMXRT1060/drivers/fsl_lpi2c.o
 .text.LPI2C_MasterGetStatusFlags
                0x6000c8dc       0x18 ./libraries/MIMXRT1060/MIMXRT1060/drivers/fsl_lpi2c.o
 .text.LPI2C_MasterClearStatusFlags
                0x6000c8f4       0x1c ./libraries/MIMXRT1060/MIMXRT1060/drivers/fsl_lpi2c.o
 .text.LPI2C_MasterSetWatermarks
                0x6000c910       0x2c ./libraries/MIMXRT1060/MIMXRT1060/drivers/fsl_lpi2c.o
 .text.LPI2C_MasterGetFifoCounts
                0x6000c93c       0x40 ./libraries/MIMXRT1060/MIMXRT1060/drivers/fsl_lpi2c.o
 .text.LPI2C_GetInstance
                0x6000c97c       0x58 ./libraries/MIMXRT1060/MIMXRT1060/drivers/fsl_lpi2c.o
                0x6000c97c                LPI2C_GetInstance
 .text.LPI2C_GetCyclesForWidth
                0x6000c9d4       0xa8 ./libraries/MIMXRT1060/MIMXRT1060/drivers/fsl_lpi2c.o
 .text.LPI2C_MasterCheckAndClearError
                0x6000ca7c       0x80 ./libraries/MIMXRT1060/MIMXRT1060/drivers/fsl_lpi2c.o
                0x6000ca7c                LPI2C_MasterCheckAndClearError
 .text.LPI2C_MasterWaitForTxReady
                0x6000cafc       0x54 ./libraries/MIMXRT1060/MIMXRT1060/drivers/fsl_lpi2c.o
 .text.LPI2C_CheckForBusyBus
                0x6000cb50       0x38 ./libraries/MIMXRT1060/MIMXRT1060/drivers/fsl_lpi2c.o
                0x6000cb50                LPI2C_CheckForBusyBus
 .text.LPI2C_MasterGetDefaultConfig
                0x6000cb88       0x6c ./libraries/MIMXRT1060/MIMXRT1060/drivers/fsl_lpi2c.o
                0x6000cb88                LPI2C_MasterGetDefaultConfig
 .text.LPI2C_MasterInit
                0x6000cbf4      0x1e0 ./libraries/MIMXRT1060/MIMXRT1060/drivers/fsl_lpi2c.o
                0x6000cbf4                LPI2C_MasterInit
 .text.LPI2C_MasterSetBaudRate
                0x6000cdd4      0x2bc ./libraries/MIMXRT1060/MIMXRT1060/drivers/fsl_lpi2c.o
                0x6000cdd4                LPI2C_MasterSetBaudRate
 .text.LPI2C_MasterStart
                0x6000d090       0x5c ./libraries/MIMXRT1060/MIMXRT1060/drivers/fsl_lpi2c.o
                0x6000d090                LPI2C_MasterStart
 .text.LPI2C_MasterStop
                0x6000d0ec       0x64 ./libraries/MIMXRT1060/MIMXRT1060/drivers/fsl_lpi2c.o
                0x6000d0ec                LPI2C_MasterStop
 .text.LPI2C_MasterReceive
                0x6000d150       0xe8 ./libraries/MIMXRT1060/MIMXRT1060/drivers/fsl_lpi2c.o
                0x6000d150                LPI2C_MasterReceive
 .text.LPI2C_MasterSend
                0x6000d238       0x68 ./libraries/MIMXRT1060/MIMXRT1060/drivers/fsl_lpi2c.o
                0x6000d238                LPI2C_MasterSend
 .text.LPI2C_CommonIRQHandler
                0x6000d2a0       0x74 ./libraries/MIMXRT1060/MIMXRT1060/drivers/fsl_lpi2c.o
 .text.LPI2C1_DriverIRQHandler
                0x6000d314       0x14 ./libraries/MIMXRT1060/MIMXRT1060/drivers/fsl_lpi2c.o
                0x6000d314                LPI2C1_DriverIRQHandler
 .text.LPI2C2_DriverIRQHandler
                0x6000d328       0x14 ./libraries/MIMXRT1060/MIMXRT1060/drivers/fsl_lpi2c.o
                0x6000d328                LPI2C2_DriverIRQHandler
 .text.LPI2C3_DriverIRQHandler
                0x6000d33c       0x14 ./libraries/MIMXRT1060/MIMXRT1060/drivers/fsl_lpi2c.o
                0x6000d33c                LPI2C3_DriverIRQHandler
 .text.LPI2C4_DriverIRQHandler
                0x6000d350       0x14 ./libraries/MIMXRT1060/MIMXRT1060/drivers/fsl_lpi2c.o
                0x6000d350                LPI2C4_DriverIRQHandler
 .text._SDK_AtomicLocalClearAndSet4Byte
                0x6000d364       0x50 ./libraries/MIMXRT1060/MIMXRT1060/drivers/fsl_lpuart.o
 .text.CLOCK_ControlGate
                0x6000d3b4       0x70 ./libraries/MIMXRT1060/MIMXRT1060/drivers/fsl_lpuart.o
 .text.CLOCK_EnableClock
                0x6000d424       0x20 ./libraries/MIMXRT1060/MIMXRT1060/drivers/fsl_lpuart.o
 .text.LPUART_SoftwareReset
                0x6000d444       0x2c ./libraries/MIMXRT1060/MIMXRT1060/drivers/fsl_lpuart.o
 .text.LPUART_GetInstance
                0x6000d470       0x58 ./libraries/MIMXRT1060/MIMXRT1060/drivers/fsl_lpuart.o
                0x6000d470                LPUART_GetInstance
 .text.LPUART_Init
                0x6000d4c8      0x330 ./libraries/MIMXRT1060/MIMXRT1060/drivers/fsl_lpuart.o
                0x6000d4c8                LPUART_Init
 .text.LPUART_GetDefaultConfig
                0x6000d7f8       0x98 ./libraries/MIMXRT1060/MIMXRT1060/drivers/fsl_lpuart.o
                0x6000d7f8                LPUART_GetDefaultConfig
 .text.LPUART_EnableInterrupts
                0x6000d890       0x84 ./libraries/MIMXRT1060/MIMXRT1060/drivers/fsl_lpuart.o
                0x6000d890                LPUART_EnableInterrupts
 .text.LPUART_GetStatusFlags
                0x6000d914       0x38 ./libraries/MIMXRT1060/MIMXRT1060/drivers/fsl_lpuart.o
                0x6000d914                LPUART_GetStatusFlags
 .text.LPUART_ClearStatusFlags
                0x6000d94c       0x7c ./libraries/MIMXRT1060/MIMXRT1060/drivers/fsl_lpuart.o
                0x6000d94c                LPUART_ClearStatusFlags
 .text.LPUART1_DriverIRQHandler
                0x6000d9c8       0x28 ./libraries/MIMXRT1060/MIMXRT1060/drivers/fsl_lpuart.o
                0x6000d9c8                LPUART1_DriverIRQHandler
 .text.LPUART2_DriverIRQHandler
                0x6000d9f0       0x28 ./libraries/MIMXRT1060/MIMXRT1060/drivers/fsl_lpuart.o
                0x6000d9f0                LPUART2_DriverIRQHandler
 .text.LPUART3_DriverIRQHandler
                0x6000da18       0x28 ./libraries/MIMXRT1060/MIMXRT1060/drivers/fsl_lpuart.o
                0x6000da18                LPUART3_DriverIRQHandler
 .text.LPUART4_DriverIRQHandler
                0x6000da40       0x28 ./libraries/MIMXRT1060/MIMXRT1060/drivers/fsl_lpuart.o
                0x6000da40                LPUART4_DriverIRQHandler
 .text.LPUART5_DriverIRQHandler
                0x6000da68       0x28 ./libraries/MIMXRT1060/MIMXRT1060/drivers/fsl_lpuart.o
                0x6000da68                LPUART5_DriverIRQHandler
 .text.LPUART6_DriverIRQHandler
                0x6000da90       0x28 ./libraries/MIMXRT1060/MIMXRT1060/drivers/fsl_lpuart.o
                0x6000da90                LPUART6_DriverIRQHandler
 .text.LPUART7_DriverIRQHandler
                0x6000dab8       0x28 ./libraries/MIMXRT1060/MIMXRT1060/drivers/fsl_lpuart.o
                0x6000dab8                LPUART7_DriverIRQHandler
 .text.LPUART8_DriverIRQHandler
                0x6000dae0       0x28 ./libraries/MIMXRT1060/MIMXRT1060/drivers/fsl_lpuart.o
                0x6000dae0                LPUART8_DriverIRQHandler
 .text.SystemInit
                0x6000db08      0x128 ./libraries/MIMXRT1060/MIMXRT1060/system_MIMXRT1062.o
                0x6000db08                SystemInit
 .text.SystemInitHook
                0x6000dc30       0x10 ./libraries/MIMXRT1060/MIMXRT1060/system_MIMXRT1062.o
                0x6000dc30                SystemInitHook
 .text._SDK_AtomicLocalClearAndSet4Byte
                0x6000dc40       0x50 ./board/MCUX_Config/clock_config.o
 .text.CLOCK_SetMux
                0x6000dc90       0xa8 ./board/MCUX_Config/clock_config.o
 .text.CLOCK_SetDiv
                0x6000dd38       0xa8 ./board/MCUX_Config/clock_config.o
 .text.CLOCK_ControlGate
                0x6000dde0       0x70 ./board/MCUX_Config/clock_config.o
 .text.CLOCK_DisableClock
                0x6000de50       0x20 ./board/MCUX_Config/clock_config.o
 .text.CLOCK_SetXtalFreq
                0x6000de70       0x20 ./board/MCUX_Config/clock_config.o
 .text.CLOCK_SetRtcXtalFreq
                0x6000de90       0x20 ./board/MCUX_Config/clock_config.o
 .text.CLOCK_SetPllBypass
                0x6000deb0       0x50 ./board/MCUX_Config/clock_config.o
 .text.IOMUXC_EnableMode
                0x6000df00       0x48 ./board/MCUX_Config/clock_config.o
 .text.IOMUXC_SetSaiMClkClockSource
                0x6000df48       0x6c ./board/MCUX_Config/clock_config.o
 .text.IOMUXC_MQSConfig
                0x6000dfb4       0x44 ./board/MCUX_Config/clock_config.o
 .text.BOARD_BootClockRUN
                0x6000dff8      0x678 ./board/MCUX_Config/clock_config.o
                0x6000dff8                BOARD_BootClockRUN
 .text._SDK_AtomicLocalClearAndSet4Byte
                0x6000e670       0x50 ./board/MCUX_Config/pin_mux.o
 .text.CLOCK_ControlGate
                0x6000e6c0       0x70 ./board/MCUX_Config/pin_mux.o
 .text.CLOCK_EnableClock
                0x6000e730       0x20 ./board/MCUX_Config/pin_mux.o
 .text.IOMUXC_SetPinMux
                0x6000e750       0x3c ./board/MCUX_Config/pin_mux.o
 .text.IOMUXC_SetPinConfig
                0x6000e78c       0x28 ./board/MCUX_Config/pin_mux.o
 .text.BOARD_InitPins
                0x6000e7b4      0x550 ./board/MCUX_Config/pin_mux.o
                0x6000e7b4                BOARD_InitPins
 .text.BOARD_InitSemcPins
                0x6000ed04      0x8f0 ./board/MCUX_Config/pin_mux.o
                0x6000ed04                BOARD_InitSemcPins
 .text.__NVIC_SetPriorityGrouping
                0x6000f5f4       0x48 ./board/board.o
 .text.__NVIC_SetPriority
                0x6000f63c       0x54 ./board/board.o
 .text.ARM_MPU_Enable
                0x6000f690       0x3c ./board/board.o
 .text.ARM_MPU_Disable
                0x6000f6cc       0x34 ./board/board.o
 .text.SysTick_Config
                0x6000f700       0x44 ./board/board.o
 .text.IOMUXC_SetPinMux
                0x6000f744       0x3c ./board/board.o
 .text.IOMUXC_SetPinConfig
                0x6000f780       0x28 ./board/board.o
 .text.BOARD_ConfigMPU
                0x6000f7a8      0x334 ./board/board.o
                0x6000f7a8                BOARD_ConfigMPU
 .text.SysTick_Handler
                0x6000fadc       0x14 ./board/board.o
                0x6000fadc                SysTick_Handler
 .text.imxrt_uart_pins_init
                0x6000faf0       0x70 ./board/board.o
                0x6000faf0                imxrt_uart_pins_init
 .text.imxrt_i2c_pins_init
                0x6000fb60       0x78 ./board/board.o
 .text.rt_hw_board_init
                0x6000fbd8       0x68 ./board/board.o
                0x6000fbd8                rt_hw_board_init
 .text.__NVIC_SystemReset
                0x6000fc40       0x28 ./applications/main.o
 .text.main     0x6000fc68       0x30 ./applications/main.o
                0x6000fc68                main
 .text.reboot   0x6000fc98        0x8 ./applications/main.o
                0x6000fc98                reboot
 .text.__assert_func
                0x6000fca0       0x3c c:/rt-threadstudio/repo/extract/toolchain_support_packages/arm/gnu_tools_for_arm_embedded_processors/5.4.1/bin/../lib/gcc/arm-none-eabi/5.4.1/../../../../arm-none-eabi/lib/armv7e-m/fpu/fpv5-d16\libc.a(lib_a-assert.o)
                0x6000fca0                __assert_func
 .text.atoi     0x6000fcdc        0x8 c:/rt-threadstudio/repo/extract/toolchain_support_packages/arm/gnu_tools_for_arm_embedded_processors/5.4.1/bin/../lib/gcc/arm-none-eabi/5.4.1/../../../../arm-none-eabi/lib/armv7e-m/fpu/fpv5-d16\libc.a(lib_a-atoi.o)
                0x6000fcdc                atoi
 .text.fiprintf
                0x6000fce4       0x28 c:/rt-threadstudio/repo/extract/toolchain_support_packages/arm/gnu_tools_for_arm_embedded_processors/5.4.1/bin/../lib/gcc/arm-none-eabi/5.4.1/../../../../arm-none-eabi/lib/armv7e-m/fpu/fpv5-d16\libc.a(lib_a-fiprintf.o)
                0x6000fce4                fiprintf
 .text.__get_current_locale
                0x6000fd0c       0x18 c:/rt-threadstudio/repo/extract/toolchain_support_packages/arm/gnu_tools_for_arm_embedded_processors/5.4.1/bin/../lib/gcc/arm-none-eabi/5.4.1/../../../../arm-none-eabi/lib/armv7e-m/fpu/fpv5-d16\libc.a(lib_a-locale.o)
 .text.__locale_mb_cur_max
                0x6000fd24       0x1c c:/rt-threadstudio/repo/extract/toolchain_support_packages/arm/gnu_tools_for_arm_embedded_processors/5.4.1/bin/../lib/gcc/arm-none-eabi/5.4.1/../../../../arm-none-eabi/lib/armv7e-m/fpu/fpv5-d16\libc.a(lib_a-locale.o)
                0x6000fd24                __locale_mb_cur_max
 .text.__locale_ctype_ptr_l
                0x6000fd40        0x8 c:/rt-threadstudio/repo/extract/toolchain_support_packages/arm/gnu_tools_for_arm_embedded_processors/5.4.1/bin/../lib/gcc/arm-none-eabi/5.4.1/../../../../arm-none-eabi/lib/armv7e-m/fpu/fpv5-d16\libc.a(lib_a-locale.o)
                0x6000fd40                __locale_ctype_ptr_l
 .text.__locale_ctype_ptr
                0x6000fd48       0x14 c:/rt-threadstudio/repo/extract/toolchain_support_packages/arm/gnu_tools_for_arm_embedded_processors/5.4.1/bin/../lib/gcc/arm-none-eabi/5.4.1/../../../../arm-none-eabi/lib/armv7e-m/fpu/fpv5-d16\libc.a(lib_a-locale.o)
                0x6000fd48                __locale_ctype_ptr
 .text.__ascii_mbtowc
                0x6000fd5c       0x2c c:/rt-threadstudio/repo/extract/toolchain_support_packages/arm/gnu_tools_for_arm_embedded_processors/5.4.1/bin/../lib/gcc/arm-none-eabi/5.4.1/../../../../arm-none-eabi/lib/armv7e-m/fpu/fpv5-d16\libc.a(lib_a-mbtowc_r.o)
                0x6000fd5c                __ascii_mbtowc
 .text.memcmp   0x6000fd88       0x64 c:/rt-threadstudio/repo/extract/toolchain_support_packages/arm/gnu_tools_for_arm_embedded_processors/5.4.1/bin/../lib/gcc/arm-none-eabi/5.4.1/../../../../arm-none-eabi/lib/armv7e-m/fpu/fpv5-d16\libc.a(lib_a-memcmp.o)
                0x6000fd88                memcmp
 .text.memset   0x6000fdec       0x9c c:/rt-threadstudio/repo/extract/toolchain_support_packages/arm/gnu_tools_for_arm_embedded_processors/5.4.1/bin/../lib/gcc/arm-none-eabi/5.4.1/../../../../arm-none-eabi/lib/armv7e-m/fpu/fpv5-d16\libc.a(lib_a-memset.o)
                0x6000fdec                memset
 .text.strncat  0x6000fe88       0x5c c:/rt-threadstudio/repo/extract/toolchain_support_packages/arm/gnu_tools_for_arm_embedded_processors/5.4.1/bin/../lib/gcc/arm-none-eabi/5.4.1/../../../../arm-none-eabi/lib/armv7e-m/fpu/fpv5-d16\libc.a(lib_a-strncat.o)
                0x6000fe88                strncat
 .text.strncmp  0x6000fee4       0xa0 c:/rt-threadstudio/repo/extract/toolchain_support_packages/arm/gnu_tools_for_arm_embedded_processors/5.4.1/bin/../lib/gcc/arm-none-eabi/5.4.1/../../../../arm-none-eabi/lib/armv7e-m/fpu/fpv5-d16\libc.a(lib_a-strncmp.o)
                0x6000fee4                strncmp
 .text.strncpy  0x6000ff84       0x68 c:/rt-threadstudio/repo/extract/toolchain_support_packages/arm/gnu_tools_for_arm_embedded_processors/5.4.1/bin/../lib/gcc/arm-none-eabi/5.4.1/../../../../arm-none-eabi/lib/armv7e-m/fpu/fpv5-d16\libc.a(lib_a-strncpy.o)
                0x6000ff84                strncpy
 .text._strtol_l.isra.0
                0x6000ffec      0x138 c:/rt-threadstudio/repo/extract/toolchain_support_packages/arm/gnu_tools_for_arm_embedded_processors/5.4.1/bin/../lib/gcc/arm-none-eabi/5.4.1/../../../../arm-none-eabi/lib/armv7e-m/fpu/fpv5-d16\libc.a(lib_a-strtol.o)
 .text.strtol   0x60010124       0x2c c:/rt-threadstudio/repo/extract/toolchain_support_packages/arm/gnu_tools_for_arm_embedded_processors/5.4.1/bin/../lib/gcc/arm-none-eabi/5.4.1/../../../../arm-none-eabi/lib/armv7e-m/fpu/fpv5-d16\libc.a(lib_a-strtol.o)
                0x60010124                strtol
 .text.__sprint_r.part.0
                0x60010150       0x78 c:/rt-threadstudio/repo/extract/toolchain_support_packages/arm/gnu_tools_for_arm_embedded_processors/5.4.1/bin/../lib/gcc/arm-none-eabi/5.4.1/../../../../arm-none-eabi/lib/armv7e-m/fpu/fpv5-d16\libc.a(lib_a-vfiprintf.o)
 .text._vfiprintf_r
                0x600101c8      0xdfc c:/rt-threadstudio/repo/extract/toolchain_support_packages/arm/gnu_tools_for_arm_embedded_processors/5.4.1/bin/../lib/gcc/arm-none-eabi/5.4.1/../../../../arm-none-eabi/lib/armv7e-m/fpu/fpv5-d16\libc.a(lib_a-vfiprintf.o)
                0x600101c8                _vfiprintf_r
 .text.__sbprintf
                0x60010fc4       0x6c c:/rt-threadstudio/repo/extract/toolchain_support_packages/arm/gnu_tools_for_arm_embedded_processors/5.4.1/bin/../lib/gcc/arm-none-eabi/5.4.1/../../../../arm-none-eabi/lib/armv7e-m/fpu/fpv5-d16\libc.a(lib_a-vfiprintf.o)
 .text.__ascii_wctomb
                0x60011030       0x1c c:/rt-threadstudio/repo/extract/toolchain_support_packages/arm/gnu_tools_for_arm_embedded_processors/5.4.1/bin/../lib/gcc/arm-none-eabi/5.4.1/../../../../arm-none-eabi/lib/armv7e-m/fpu/fpv5-d16\libc.a(lib_a-wctomb_r.o)
                0x60011030                __ascii_wctomb
 .text.__swsetup_r
                0x6001104c       0xc8 c:/rt-threadstudio/repo/extract/toolchain_support_packages/arm/gnu_tools_for_arm_embedded_processors/5.4.1/bin/../lib/gcc/arm-none-eabi/5.4.1/../../../../arm-none-eabi/lib/armv7e-m/fpu/fpv5-d16\libc.a(lib_a-wsetup.o)
                0x6001104c                __swsetup_r
 .text.abort    0x60011114       0x10 c:/rt-threadstudio/repo/extract/toolchain_support_packages/arm/gnu_tools_for_arm_embedded_processors/5.4.1/bin/../lib/gcc/arm-none-eabi/5.4.1/../../../../arm-none-eabi/lib/armv7e-m/fpu/fpv5-d16\libc.a(lib_a-abort.o)
                0x60011114                abort
 .text.__sflush_r
                0x60011124      0x148 c:/rt-threadstudio/repo/extract/toolchain_support_packages/arm/gnu_tools_for_arm_embedded_processors/5.4.1/bin/../lib/gcc/arm-none-eabi/5.4.1/../../../../arm-none-eabi/lib/armv7e-m/fpu/fpv5-d16\libc.a(lib_a-fflush.o)
                0x60011124                __sflush_r
 .text._fflush_r
                0x6001126c       0x2c c:/rt-threadstudio/repo/extract/toolchain_support_packages/arm/gnu_tools_for_arm_embedded_processors/5.4.1/bin/../lib/gcc/arm-none-eabi/5.4.1/../../../../arm-none-eabi/lib/armv7e-m/fpu/fpv5-d16\libc.a(lib_a-fflush.o)
                0x6001126c                _fflush_r
 .text._cleanup_r
                0x60011298        0xc c:/rt-threadstudio/repo/extract/toolchain_support_packages/arm/gnu_tools_for_arm_embedded_processors/5.4.1/bin/../lib/gcc/arm-none-eabi/5.4.1/../../../../arm-none-eabi/lib/armv7e-m/fpu/fpv5-d16\libc.a(lib_a-findfp.o)
                0x60011298                _cleanup_r
 .text.__sinit.part.1
                0x600112a4       0xf0 c:/rt-threadstudio/repo/extract/toolchain_support_packages/arm/gnu_tools_for_arm_embedded_processors/5.4.1/bin/../lib/gcc/arm-none-eabi/5.4.1/../../../../arm-none-eabi/lib/armv7e-m/fpu/fpv5-d16\libc.a(lib_a-findfp.o)
 .text.__sinit  0x60011394        0xc c:/rt-threadstudio/repo/extract/toolchain_support_packages/arm/gnu_tools_for_arm_embedded_processors/5.4.1/bin/../lib/gcc/arm-none-eabi/5.4.1/../../../../arm-none-eabi/lib/armv7e-m/fpu/fpv5-d16\libc.a(lib_a-findfp.o)
                0x60011394                __sinit
 .text.__sfp_lock_acquire
                0x600113a0        0x4 c:/rt-threadstudio/repo/extract/toolchain_support_packages/arm/gnu_tools_for_arm_embedded_processors/5.4.1/bin/../lib/gcc/arm-none-eabi/5.4.1/../../../../arm-none-eabi/lib/armv7e-m/fpu/fpv5-d16\libc.a(lib_a-findfp.o)
                0x600113a0                __sfp_lock_acquire
 .text.__sfp_lock_release
                0x600113a4        0x4 c:/rt-threadstudio/repo/extract/toolchain_support_packages/arm/gnu_tools_for_arm_embedded_processors/5.4.1/bin/../lib/gcc/arm-none-eabi/5.4.1/../../../../arm-none-eabi/lib/armv7e-m/fpu/fpv5-d16\libc.a(lib_a-findfp.o)
                0x600113a4                __sfp_lock_release
 .text.__fputwc
                0x600113a8       0x98 c:/rt-threadstudio/repo/extract/toolchain_support_packages/arm/gnu_tools_for_arm_embedded_processors/5.4.1/bin/../lib/gcc/arm-none-eabi/5.4.1/../../../../arm-none-eabi/lib/armv7e-m/fpu/fpv5-d16\libc.a(lib_a-fputwc.o)
                0x600113a8                __fputwc
 .text._fputwc_r
                0x60011440       0x28 c:/rt-threadstudio/repo/extract/toolchain_support_packages/arm/gnu_tools_for_arm_embedded_processors/5.4.1/bin/../lib/gcc/arm-none-eabi/5.4.1/../../../../arm-none-eabi/lib/armv7e-m/fpu/fpv5-d16\libc.a(lib_a-fputwc.o)
                0x60011440                _fputwc_r
 .text.__sfvwrite_r
                0x60011468      0x304 c:/rt-threadstudio/repo/extract/toolchain_support_packages/arm/gnu_tools_for_arm_embedded_processors/5.4.1/bin/../lib/gcc/arm-none-eabi/5.4.1/../../../../arm-none-eabi/lib/armv7e-m/fpu/fpv5-d16\libc.a(lib_a-fvwrite.o)
                0x60011468                __sfvwrite_r
 .text._fwalk_reent
                0x6001176c       0x54 c:/rt-threadstudio/repo/extract/toolchain_support_packages/arm/gnu_tools_for_arm_embedded_processors/5.4.1/bin/../lib/gcc/arm-none-eabi/5.4.1/../../../../arm-none-eabi/lib/armv7e-m/fpu/fpv5-d16\libc.a(lib_a-fwalk.o)
                0x6001176c                _fwalk_reent
 .text.__swhatbuf_r
                0x600117c0       0x60 c:/rt-threadstudio/repo/extract/toolchain_support_packages/arm/gnu_tools_for_arm_embedded_processors/5.4.1/bin/../lib/gcc/arm-none-eabi/5.4.1/../../../../arm-none-eabi/lib/armv7e-m/fpu/fpv5-d16\libc.a(lib_a-makebuf.o)
                0x600117c0                __swhatbuf_r
 .text.__smakebuf_r
                0x60011820       0x88 c:/rt-threadstudio/repo/extract/toolchain_support_packages/arm/gnu_tools_for_arm_embedded_processors/5.4.1/bin/../lib/gcc/arm-none-eabi/5.4.1/../../../../arm-none-eabi/lib/armv7e-m/fpu/fpv5-d16\libc.a(lib_a-makebuf.o)
                0x60011820                __smakebuf_r
 .text.memmove  0x600118a8       0xc8 c:/rt-threadstudio/repo/extract/toolchain_support_packages/arm/gnu_tools_for_arm_embedded_processors/5.4.1/bin/../lib/gcc/arm-none-eabi/5.4.1/../../../../arm-none-eabi/lib/armv7e-m/fpu/fpv5-d16\libc.a(lib_a-memmove.o)
                0x600118a8                memmove
 .text._raise_r
                0x60011970       0x58 c:/rt-threadstudio/repo/extract/toolchain_support_packages/arm/gnu_tools_for_arm_embedded_processors/5.4.1/bin/../lib/gcc/arm-none-eabi/5.4.1/../../../../arm-none-eabi/lib/armv7e-m/fpu/fpv5-d16\libc.a(lib_a-signal.o)
                0x60011970                _raise_r
 .text.raise    0x600119c8       0x10 c:/rt-threadstudio/repo/extract/toolchain_support_packages/arm/gnu_tools_for_arm_embedded_processors/5.4.1/bin/../lib/gcc/arm-none-eabi/5.4.1/../../../../arm-none-eabi/lib/armv7e-m/fpu/fpv5-d16\libc.a(lib_a-signal.o)
                0x600119c8                raise
 .text.__sread  0x600119d8       0x24 c:/rt-threadstudio/repo/extract/toolchain_support_packages/arm/gnu_tools_for_arm_embedded_processors/5.4.1/bin/../lib/gcc/arm-none-eabi/5.4.1/../../../../arm-none-eabi/lib/armv7e-m/fpu/fpv5-d16\libc.a(lib_a-stdio.o)
                0x600119d8                __sread
 .text.__swrite
                0x600119fc       0x3c c:/rt-threadstudio/repo/extract/toolchain_support_packages/arm/gnu_tools_for_arm_embedded_processors/5.4.1/bin/../lib/gcc/arm-none-eabi/5.4.1/../../../../arm-none-eabi/lib/armv7e-m/fpu/fpv5-d16\libc.a(lib_a-stdio.o)
                0x600119fc                __swrite
 .text.__sseek  0x60011a38       0x20 c:/rt-threadstudio/repo/extract/toolchain_support_packages/arm/gnu_tools_for_arm_embedded_processors/5.4.1/bin/../lib/gcc/arm-none-eabi/5.4.1/../../../../arm-none-eabi/lib/armv7e-m/fpu/fpv5-d16\libc.a(lib_a-stdio.o)
                0x60011a38                __sseek
 .text.__sclose
                0x60011a58        0x8 c:/rt-threadstudio/repo/extract/toolchain_support_packages/arm/gnu_tools_for_arm_embedded_processors/5.4.1/bin/../lib/gcc/arm-none-eabi/5.4.1/../../../../arm-none-eabi/lib/armv7e-m/fpu/fpv5-d16\libc.a(lib_a-stdio.o)
                0x60011a58                __sclose
 .text.__swbuf_r
                0x60011a60       0xac c:/rt-threadstudio/repo/extract/toolchain_support_packages/arm/gnu_tools_for_arm_embedded_processors/5.4.1/bin/../lib/gcc/arm-none-eabi/5.4.1/../../../../arm-none-eabi/lib/armv7e-m/fpu/fpv5-d16\libc.a(lib_a-wbuf.o)
                0x60011a60                __swbuf_r
 .text._wcrtomb_r
                0x60011b0c       0x54 c:/rt-threadstudio/repo/extract/toolchain_support_packages/arm/gnu_tools_for_arm_embedded_processors/5.4.1/bin/../lib/gcc/arm-none-eabi/5.4.1/../../../../arm-none-eabi/lib/armv7e-m/fpu/fpv5-d16\libc.a(lib_a-wcrtomb.o)
                0x60011b0c                _wcrtomb_r
 .text._fclose_r
                0x60011b60       0x84 c:/rt-threadstudio/repo/extract/toolchain_support_packages/arm/gnu_tools_for_arm_embedded_processors/5.4.1/bin/../lib/gcc/arm-none-eabi/5.4.1/../../../../arm-none-eabi/lib/armv7e-m/fpu/fpv5-d16\libc.a(lib_a-fclose.o)
                0x60011b60                _fclose_r
 *(.rodata)
 .rodata        0x60011be4        0x5 ./rt-thread/src/components.o
 *fill*         0x60011be9        0x3 
 .rodata        0x60011bec        0x8 ./rt-thread/src/idle.o
 .rodata        0x60011bf4       0xfd ./rt-thread/src/kservice.o
 *fill*         0x60011cf1        0x3 
 .rodata        0x60011cf4       0x51 ./rt-thread/src/scheduler.o
 *fill*         0x60011d45        0x3 
 .rodata        0x60011d48      0x2c9 ./rt-thread/libcpu/arm/cortex-m7/cpuport.o
 *fill*         0x60012011        0x3 
 .rodata        0x60012014      0x85f ./rt-thread/components/finsh/cmd.o
 *fill*         0x60012873        0x1 
 .rodata        0x60012874       0x6c ./rt-thread/components/finsh/msh.o
 .rodata        0x600128e0       0x7d ./rt-thread/components/finsh/shell.o
 *fill*         0x6001295d        0x3 
 .rodata        0x60012960      0x282 ./rt-thread/components/drivers/misc/pin.o
 *fill*         0x60012be2        0x2 
 .rodata        0x60012be4        0xd ./rt-thread/components/drivers/i2c/i2c_core.o
 *fill*         0x60012bf1        0x3 
 .rodata        0x60012bf4       0xe0 ./libraries/drivers/drv_gpio.o
 .rodata        0x60012cd4       0xaf ./libraries/drivers/drv_i2c.o
 *fill*         0x60012d83        0x1 
 .rodata        0x60012d84       0x10 ./libraries/drivers/drv_uart.o
 .rodata        0x60012d94       0x72 ./libraries/MIMXRT1060/MIMXRT1060/drivers/fsl_clock.o
 *fill*         0x60012e06        0x2 
 .rodata        0x60012e08       0xae ./libraries/MIMXRT1060/MIMXRT1060/drivers/fsl_gpio.o
 *fill*         0x60012eb6        0x2 
 .rodata        0x60012eb8      0x15a ./libraries/MIMXRT1060/MIMXRT1060/drivers/fsl_lpi2c.o
 *fill*         0x60013012        0x2 
 .rodata        0x60013014      0x236 ./libraries/MIMXRT1060/MIMXRT1060/drivers/fsl_lpuart.o
 *fill*         0x6001324a        0x2 
 .rodata        0x6001324c       0x8d ./board/MCUX_Config/clock_config.o
 *fill*         0x600132d9        0x3 
 .rodata        0x600132dc       0x6e ./board/MCUX_Config/pin_mux.o
 *fill*         0x6001334a        0x2 
 .rodata        0x6001334c       0x56 ./board/board.o
 *(.rodata*)
 *fill*         0x600133a2        0x2 
 .rodata.__lowest_bit_bitmap
                0x600133a4      0x100 ./rt-thread/src/kservice.o
                0x600133a4                __lowest_bit_bitmap
 .rodata.large_digits.5404
                0x600134a4       0x11 ./rt-thread/src/kservice.o
 *fill*         0x600134b5        0x3 
 .rodata.small_digits.5403
                0x600134b8       0x11 ./rt-thread/src/kservice.o
 *fill*         0x600134c9        0x3 
 .rodata.name   0x600134cc      0x1e5 ./rt-thread/components/finsh/cmd.o
                0x600134cc                __fsym_clear_name
                0x600134d4                __fsym_clear_desc
                0x600134f0                __fsym_version_name
                0x600134f8                __fsym_version_desc
                0x6001351c                __fsym_list_thread_name
                0x60013528                __fsym_list_thread_desc
                0x60013534                __fsym_list_sem_name
                0x60013540                __fsym_list_sem_desc
                0x6001355c                __fsym_list_event_name
                0x60013568                __fsym_list_event_desc
                0x60013580                __fsym_list_mutex_name
                0x6001358c                __fsym_list_mutex_desc
                0x600135a4                __fsym_list_mailbox_name
                0x600135b4                __fsym_list_mailbox_desc
                0x600135cc                __fsym_list_msgqueue_name
                0x600135dc                __fsym_list_msgqueue_desc
                0x600135fc                __fsym_list_memheap_name
                0x6001360c                __fsym_list_memheap_desc
                0x60013628                __fsym_list_mempool_name
                0x60013638                __fsym_list_mempool_desc
                0x60013654                __fsym_list_timer_name
                0x60013660                __fsym_list_timer_desc
                0x60013678                __fsym_list_device_name
                0x60013684                __fsym_list_device_desc
                0x6001369c                __fsym_list_name
                0x600136a4                __fsym_list_desc
 *fill*         0x600136b1        0x3 
 .rodata.device_type_str
                0x600136b4       0x78 ./rt-thread/components/finsh/cmd.o
 .rodata.name   0x6001372c       0x6d ./rt-thread/components/finsh/msh.o
                0x6001372c                __fsym_help_name
                0x60013734                __fsym_help_desc
                0x6001374c                __fsym_ps_name
                0x60013750                __fsym_ps_desc
                0x6001376c                __fsym_free_name
                0x60013774                __fsym_free_desc
 *fill*         0x60013799        0x3 
 .rodata.name   0x6001379c       0x11 ./rt-thread/components/drivers/misc/pin.o